 Octopus

 Timestamp is 5b06bf83 (Thu May 24 09:34:59 2018)

 Preferred load address is 00400000

 Start         Length     Name                   Class
 0001:00000000 0009372fH .text                   CODE
 0001:00093730 00002da2H .text$x                 CODE
 0001:000964e0 00001b46H .text$yc                CODE
 0001:00098030 000010ceH .text$yd                CODE
 0002:00000000 00000104H .CRT$XCA                DATA
 0002:00000104 00000104H .CRT$XCAA               DATA
 0002:00000208 0000010eH .CRT$XCC                DATA
 0002:00000318 00000186H .CRT$XCL                DATA
 0002:000004a0 0000011cH .CRT$XCU                DATA
 0002:000005bc 00000104H .CRT$XCZ                DATA
 0002:000006c0 00000104H .CRT$XIA                DATA
 0002:000007c4 00000104H .CRT$XIAA               DATA
 0002:000008c8 00000104H .CRT$XIC                DATA
 0002:000009cc 00000104H .CRT$XIY                DATA
 0002:00000ad0 00000104H .CRT$XIZ                DATA
 0002:00000be0 00013474H .rdata                  DATA
 0002:00014054 00000198H .rdata$debug            DATA
 0002:000141ec 00000deaH .rdata$r                DATA
 0002:00014fe0 000002dbH .rdata$sxdata           DATA
 0002:000152bc 00000104H .rtc$IAA                DATA
 0002:000153c0 00000104H .rtc$IZZ                DATA
 0002:000154c4 00000104H .rtc$TAA                DATA
 0002:000155c8 00000104H .rtc$TZZ                DATA
 0002:000156d0 00001dc0H .xdata$x                DATA
 0002:00017490 00000104H ATL$__a                 DATA
 0002:00017594 00000104H ATL$__z                 DATA
 0002:00017698 00000000H .edata                  DATA
 0003:00000000 00001027H .data                   DATA
 0003:00001040 00003290H .bss                    DATA
 0004:00000000 000000dcH .idata$2                DATA
 0004:000000dc 00000014H .idata$3                DATA
 0004:000000f0 00000d08H .idata$4                DATA
 0004:00000df8 00000d08H .idata$5                DATA
 0004:00001b00 00000c58H .idata$6                DATA
 0005:00000000 000009a0H .rsrc$01                DATA
 0005:000009a0 000a0ab9H .rsrc$02                DATA

  Address         Publics by Value              Rva+Base       Lib:Object

 0000:00000000       __except_list              00000000     <absolute>
 0000:00000062       ___safe_se_handler_count   00000062     <absolute>
 0000:00009876       __ldused                   00009876     <absolute>
 0000:00009876       __fltused                  00009876     <absolute>
 0000:00000000       ___ImageBase               00400000     <linker-defined>
 0001:000014d0       ?_AfxInitManaged@@YAHXZ    004024d0 f i APTMotor.obj
 0001:000014d8       _system                    004024d8 f   msvcrtd:MSVCR90D.dll
 0001:000014e0       ?CreateObject@CMgmotorctrl1@@SGPAVCObject@@XZ 004024e0 f   APTMotor.obj
 0001:00001560       ?_GetBaseClass@CMgmotorctrl1@@KGPAUCRuntimeClass@@XZ 00402560 f   APTMotor.obj
 0001:00001570       ?GetThisClass@CMgmotorctrl1@@SGPAUCRuntimeClass@@XZ 00402570 f   APTMotor.obj
 0001:00001580       ?GetRuntimeClass@CMgmotorctrl1@@UBEPAUCRuntimeClass@@XZ 00402580 f   APTMotor.obj
 0001:000015c0       ??0CMgmotorctrl1@@QAE@XZ   004025c0 f i APTMotor.obj
 0001:000015f0       ?Create@CMgmotorctrl1@@UAEHPBD0KABUtagRECT@@PAVCWnd@@IPAUCCreateContext@@@Z 004025f0 f i APTMotor.obj
 0001:00001640       ?GetClsid@CMgmotorctrl1@@QAEABU_GUID@@XZ 00402640 f i APTMotor.obj
 0001:00001660       ??_ECMgmotorctrl1@@UAEPAXI@Z 00402660 f i APTMotor.obj
 0001:00001660       ??_GCMgmotorctrl1@@UAEPAXI@Z 00402660 f i APTMotor.obj
 0001:000016a0       ??1CMgmotorctrl1@@UAE@XZ   004026a0 f i APTMotor.obj
 0001:000016c0       ??0Thank_you@Define_the_symbol__ATL_MIXED@@QAE@XZ 004026c0 f i APTMotor.obj
 0001:000016e0       ?one@Thank_you@Define_the_symbol__ATL_MIXED@@UAEXXZ 004026e0 f i APTMotor.obj
 0001:000016f0       ?CreateObject@APT_system@@SGPAVCObject@@XZ 004026f0 f   APTSystem.obj
 0001:00001760       ?_GetBaseClass@APT_system@@KGPAUCRuntimeClass@@XZ 00402760 f   APTSystem.obj
 0001:00001770       ?GetThisClass@APT_system@@SGPAUCRuntimeClass@@XZ 00402770 f   APTSystem.obj
 0001:00001780       ?GetRuntimeClass@APT_system@@UBEPAUCRuntimeClass@@XZ 00402780 f   APTSystem.obj
 0001:000017c0       ??0APT_system@@QAE@XZ      004027c0 f i APTSystem.obj
 0001:000017f0       ?Create@APT_system@@UAEHPBD0KABUtagRECT@@PAVCWnd@@IPAUCCreateContext@@@Z 004027f0 f i APTSystem.obj
 0001:00001840       ?GetClsid@APT_system@@QAEABU_GUID@@XZ 00402840 f i APTSystem.obj
 0001:00001860       ??_GAPT_system@@UAEPAXI@Z  00402860 f i APTSystem.obj
 0001:00001860       ??_EAPT_system@@UAEPAXI@Z  00402860 f i APTSystem.obj
 0001:000018a0       ??1APT_system@@UAE@XZ      004028a0 f i APTSystem.obj
 0001:000018c0       ??0CPort@@QAE@XZ           004028c0 f   cport.obj
 0001:000018f0       ??1CPort@@QAE@XZ           004028f0 f   cport.obj
 0001:00001920       ?OpenCPort@CPort@@QAE_NXZ  00402920 f   cport.obj
 0001:00001b20       ?CloseCPort@CPort@@QAE_NXZ 00402b20 f   cport.obj
 0001:00001b70       ?WriteCPort@CPort@@QAE_NXZ 00402b70 f   cport.obj
 0001:00001c50       ?WriteCPortOneByte@CPort@@QAE_NXZ 00402c50 f   cport.obj
 0001:00001d20       ?CheckWrite@CPort@@QAE_NXZ 00402d20 f   cport.obj
 0001:00001d90       ?ReadCPort@CPort@@QAE_NXZ  00402d90 f   cport.obj
 0001:00001ea0       ?ReadCPortOneByte@CPort@@QAE_NXZ 00402ea0 f   cport.obj
 0001:00001f70       ?CheckRead@CPort@@QAE_NXZ  00402f70 f   cport.obj
 0001:000021a0       ?_GetBaseClass@DisplayDialog@@KGPAUCRuntimeClass@@XZ 004031a0 f   DisplayDialog.obj
 0001:000021b0       ?GetThisClass@DisplayDialog@@SGPAUCRuntimeClass@@XZ 004031b0 f   DisplayDialog.obj
 0001:000021c0       ?GetRuntimeClass@DisplayDialog@@UBEPAUCRuntimeClass@@XZ 004031c0 f   DisplayDialog.obj
 0001:000021d0       ??0DisplayDialog@@QAE@PAVCWnd@@@Z 004031d0 f   DisplayDialog.obj
 0001:00002200       ??1DisplayDialog@@UAE@XZ   00403200 f   DisplayDialog.obj
 0001:00002220       ?DoDataExchange@DisplayDialog@@MAEXPAVCDataExchange@@@Z 00403220 f   DisplayDialog.obj
 0001:00002240       ?GetMessageMap@DisplayDialog@@MBEPBUAFX_MSGMAP@@XZ 00403240 f   DisplayDialog.obj
 0001:00002250       ?GetThisMessageMap@DisplayDialog@@KGPBUAFX_MSGMAP@@XZ 00403250 f   DisplayDialog.obj
 0001:00002290       ??_EDisplayDialog@@UAEPAXI@Z 00403290 f i DisplayDialog.obj
 0001:00002290       ??_GDisplayDialog@@UAEPAXI@Z 00403290 f i DisplayDialog.obj
 0001:000022d0       ?CreateObject@CMainFrame@@SGPAVCObject@@XZ 004032d0 f   MainFrm.obj
 0001:00002350       ?_GetBaseClass@CMainFrame@@KGPAUCRuntimeClass@@XZ 00403350 f   MainFrm.obj
 0001:00002360       ?GetThisClass@CMainFrame@@SGPAUCRuntimeClass@@XZ 00403360 f   MainFrm.obj
 0001:00002370       ?GetRuntimeClass@CMainFrame@@UBEPAUCRuntimeClass@@XZ 00403370 f   MainFrm.obj
 0001:00002380       ??0CMainFrame@@IAE@XZ      00403380 f   MainFrm.obj
 0001:000023a0       ??1CMainFrame@@UAE@XZ      004033a0 f   MainFrm.obj
 0001:000023c0       ?PreCreateWindow@CMainFrame@@UAEHAAUtagCREATESTRUCTA@@@Z 004033c0 f   MainFrm.obj
 0001:00002460       ??_GCMainFrame@@UAEPAXI@Z  00403460 f i MainFrm.obj
 0001:00002460       ??_ECMainFrame@@UAEPAXI@Z  00403460 f i MainFrm.obj
 0001:000024a0       ??0COctopusApp@@QAE@XZ     004034a0 f   Octopus.obj
 0001:000024d0       ?InitInstance@COctopusApp@@UAEHXZ 004034d0 f   Octopus.obj
 0001:000025f0       ?ExitInstance@COctopusApp@@UAEHXZ 004035f0 f   Octopus.obj
 0001:00002660       ??_GCOctopusApp@@UAEPAXI@Z 00403660 f i Octopus.obj
 0001:00002660       ??_ECOctopusApp@@UAEPAXI@Z 00403660 f i Octopus.obj
 0001:000026a0       ??1COctopusApp@@UAE@XZ     004036a0 f i Octopus.obj
 0001:000026c0       ??0Octopus_LED@@QAE@PAVCWnd@@@Z 004036c0 f   Octopus_LED.obj
 0001:00002830       ?DoDataExchange@Octopus_LED@@MAEXPAVCDataExchange@@@Z 00403830 f   Octopus_LED.obj
 0001:000029d0       ?GetMessageMap@Octopus_LED@@MBEPBUAFX_MSGMAP@@XZ 004039d0 f   Octopus_LED.obj
 0001:000029e0       ?GetThisMessageMap@Octopus_LED@@KGPBUAFX_MSGMAP@@XZ 004039e0 f   Octopus_LED.obj
 0001:000029f0       ?OnInitDialog@Octopus_LED@@MAEHXZ 004039f0 f   Octopus_LED.obj
 0001:00002ad0       ??1Octopus_LED@@UAE@XZ     00403ad0 f   Octopus_LED.obj
 0001:00002ba0       ?OnCommand@Octopus_LED@@MAEHIJ@Z 00403ba0 f   Octopus_LED.obj
 0001:00002bf0       ?LED_On@Octopus_LED@@QAEXM@Z 00403bf0 f   Octopus_LED.obj
 0001:00002c30       ?LED_Off@Octopus_LED@@QAEXXZ 00403c30 f   Octopus_LED.obj
 0001:00002c50       ?Laser_On@Octopus_LED@@QAEXM@Z 00403c50 f   Octopus_LED.obj
 0001:00002c90       ?Laser_Off@Octopus_LED@@QAEXXZ 00403c90 f   Octopus_LED.obj
 0001:00002cb0       ?SetLEDIntensity@Octopus_LED@@IAEXM@Z 00403cb0 f   Octopus_LED.obj
 0001:00002d50       ?SetLaserIntensity@Octopus_LED@@IAEXM@Z 00403d50 f   Octopus_LED.obj
 0001:00002df0       ?SetFlow@Octopus_LED@@QAEXH@Z 00403df0 f   Octopus_LED.obj
 0001:00002e70       ?OnEnChangeLED@Octopus_LED@@QAEXXZ 00403e70 f   Octopus_LED.obj
 0001:00002ed0       ?OnEnChangeLaser@Octopus_LED@@QAEXXZ 00403ed0 f   Octopus_LED.obj
 0001:00002f30       ?OnNMCustomdrawLaserIntensitySlider@Octopus_LED@@QAEXPAUtagNMHDR@@PAJ@Z 00403f30 f   Octopus_LED.obj
 0001:00002fb0       ?OnNMCustomdrawLEDIntensitySlider@Octopus_LED@@QAEXPAUtagNMHDR@@PAJ@Z 00403fb0 f   Octopus_LED.obj
 0001:00003030       ?OnBnClickedDout1@Octopus_LED@@QAEXXZ 00404030 f   Octopus_LED.obj
 0001:00003090       ?OnBnClickedDout2@Octopus_LED@@QAEXXZ 00404090 f   Octopus_LED.obj
 0001:000030f0       ?OnBnClickedDout3@Octopus_LED@@QAEXXZ 004040f0 f   Octopus_LED.obj
 0001:00003150       ?OnBnClickedDout4@Octopus_LED@@QAEXXZ 00404150 f   Octopus_LED.obj
 0001:000031b0       ?OnBnClickedDout5@Octopus_LED@@QAEXXZ 004041b0 f   Octopus_LED.obj
 0001:00003210       ?OnBnClickedDout6@Octopus_LED@@QAEXXZ 00404210 f   Octopus_LED.obj
 0001:00003270       ?OnBnClickedDout7@Octopus_LED@@QAEXXZ 00404270 f   Octopus_LED.obj
 0001:000032d0       ?OnBnClickedDout8@Octopus_LED@@QAEXXZ 004042d0 f   Octopus_LED.obj
 0001:00003660       ??_EOctopus_LED@@UAEPAXI@Z 00404660 f i Octopus_LED.obj
 0001:00003660       ??_GOctopus_LED@@UAEPAXI@Z 00404660 f i Octopus_LED.obj
 0001:000036a0       ??0CTraceFileAndLineInfo@ATL@@QAE@PBDH@Z 004046a0 f i Octopus_LED.obj
 0001:000036d0       ??RCTraceFileAndLineInfo@ATL@@QBAXPBDZZ 004046d0 f i Octopus_LED.obj
 0001:00003730       ?TraceV@CTrace@ATL@@QBAXPBDHKI0PAD@Z 00404730 f i Octopus_LED.obj
 0001:00003770       ??BCTraceCategory@ATL@@QBEKXZ 00404770 f i Octopus_LED.obj
 0001:00003790       ??0COctopusPictureDisplay@@QAE@PAVCWnd@@GG@Z 00404790 f   OctopusCameraDisplay.obj
 0001:00003b40       ?OnInitDialog@COctopusPictureDisplay@@MAEHXZ 00404b40 f   OctopusCameraDisplay.obj
 0001:00003b60       ?GetMessageMap@COctopusPictureDisplay@@MBEPBUAFX_MSGMAP@@XZ 00404b60 f   OctopusCameraDisplay.obj
 0001:00003b70       ?GetThisMessageMap@COctopusPictureDisplay@@KGPBUAFX_MSGMAP@@XZ 00404b70 f   OctopusCameraDisplay.obj
 0001:00003b80       ?DoDataExchange@COctopusPictureDisplay@@MAEXPAVCDataExchange@@@Z 00404b80 f   OctopusCameraDisplay.obj
 0001:00003bc0       ??1COctopusPictureDisplay@@UAE@XZ 00404bc0 f   OctopusCameraDisplay.obj
 0001:00003de0       ?Create_Bitmap@COctopusPictureDisplay@@QAEXXZ 00404de0 f   OctopusCameraDisplay.obj
 0001:00004030       ?Draw_Bitmap@COctopusPictureDisplay@@IAEXXZ 00405030 f   OctopusCameraDisplay.obj
 0001:00004410       ?Update_Bitmap@COctopusPictureDisplay@@QAEXPAGG@Z 00405410 f   OctopusCameraDisplay.obj
 0001:00004e50       ?BasicAnalysis@COctopusPictureDisplay@@IAEXPAG@Z 00405e50 f   OctopusCameraDisplay.obj
 0001:00004fb0       ?ROIAnalysis@COctopusPictureDisplay@@IAEXPAG@Z 00405fb0 f   OctopusCameraDisplay.obj
 0001:000052e0       ?BeadAnalysis@COctopusPictureDisplay@@QAEXPAG@Z 004062e0 f   OctopusCameraDisplay.obj
 0001:00005a30       ?gNoise@COctopusPictureDisplay@@QAENNN@Z 00406a30 f   OctopusCameraDisplay.obj
 0001:00005ac0       ?Open_A_File@COctopusPictureDisplay@@IAE_NXZ 00406ac0 f   OctopusCameraDisplay.obj
 0001:00005d20       ?Close_The_File@COctopusPictureDisplay@@QAEXXZ 00406d20 f   OctopusCameraDisplay.obj
 0001:00005da0       ?WritePic@COctopusPictureDisplay@@IAEXXZ 00406da0 f   OctopusCameraDisplay.obj
 0001:00005fd0       ?UpdateTitle@COctopusPictureDisplay@@IAEXXZ 00406fd0 f   OctopusCameraDisplay.obj
 0001:00006130       ?ValidateMarkersAndSetROI@COctopusPictureDisplay@@IAEXXZ 00407130 f   OctopusCameraDisplay.obj
 0001:00006410       ?MouseMove@COctopusPictureDisplay@@IAEXVCPoint@@@Z 00407410 f   OctopusCameraDisplay.obj
 0001:00006570       ?LeftButtonDown@COctopusPictureDisplay@@IAEXVCPoint@@@Z 00407570 f   OctopusCameraDisplay.obj
 0001:000065e0       ?LeftButtonUp@COctopusPictureDisplay@@IAEXVCPoint@@@Z 004075e0 f   OctopusCameraDisplay.obj
 0001:00006660       ?OnMouseMove@COctopusPictureDisplay@@IAEXIVCPoint@@@Z 00407660 f   OctopusCameraDisplay.obj
 0001:000066a0       ?OnLButtonUp@COctopusPictureDisplay@@IAEXIVCPoint@@@Z 004076a0 f   OctopusCameraDisplay.obj
 0001:000066d0       ?OnLButtonDown@COctopusPictureDisplay@@IAEXIVCPoint@@@Z 004076d0 f   OctopusCameraDisplay.obj
 0001:00006700       ?OnRButtonDown@COctopusPictureDisplay@@IAEXIVCPoint@@@Z 00407700 f   OctopusCameraDisplay.obj
 0001:00006730       ?OnCommand@COctopusPictureDisplay@@MAEHIJ@Z 00407730 f   OctopusCameraDisplay.obj
 0001:00006780       ?expfunc@@YAXPAN0HHPAX@Z   00407780 f   OctopusCameraDisplay.obj
 0001:000067e0       ?Gaussian_2D@@YAXPAN0HHPAX@Z 004077e0 f   OctopusCameraDisplay.obj
 0001:00007580       ??_ECOctopusPictureDisplay@@UAEPAXI@Z 00408580 f i OctopusCameraDisplay.obj
 0001:00007580       ??_GCOctopusPictureDisplay@@UAEPAXI@Z 00408580 f i OctopusCameraDisplay.obj
 0001:000075c0       ??HATL@@YA?AV?$CStringT@DV?$StrTraitMFC_DLL@DV?$ChTraitsCRT@D@ATL@@@@@0@ABV10@0@Z 004085c0 f i OctopusCameraDisplay.obj
 0001:000076a0       ??0COctopusCamera@@QAE@PAVCWnd@@@Z 004086a0 f   OctopusCameraDlg.obj
 0001:00007b20       ?DoDataExchange@COctopusCamera@@MAEXPAVCDataExchange@@@Z 00408b20 f   OctopusCameraDlg.obj
 0001:00007de0       ?GetMessageMap@COctopusCamera@@MBEPBUAFX_MSGMAP@@XZ 00408de0 f   OctopusCameraDlg.obj
 0001:00007df0       ?GetThisMessageMap@COctopusCamera@@KGPBUAFX_MSGMAP@@XZ 00408df0 f   OctopusCameraDlg.obj
 0001:00007e00       ?OnInitDialog@COctopusCamera@@MAEHXZ 00408e00 f   OctopusCameraDlg.obj
 0001:00007f50       ??1COctopusCamera@@UAE@XZ  00408f50 f   OctopusCameraDlg.obj
 0001:000081c0       ?SetExposureTime_Single_ms@COctopusCamera@@QAEXH@Z 004091c0 f   OctopusCameraDlg.obj
 0001:000081f0       ?SetExposureTime_Movie_ms@COctopusCamera@@QAEXH@Z 004091f0 f   OctopusCameraDlg.obj
 0001:00008220       ?SetCameraGain@COctopusCamera@@QAEXH@Z 00409220 f   OctopusCameraDlg.obj
 0001:00008280       ?SetNKinetics@COctopusCamera@@QAEXH@Z 00409280 f   OctopusCameraDlg.obj
 0001:000082c0       ?SetMovieGain@COctopusCamera@@QAEXH@Z 004092c0 f   OctopusCameraDlg.obj
 0001:00008320       ?Opencam@COctopusCamera@@IAEXXZ 00409320 f   OctopusCameraDlg.obj
 0001:00008500       ?StartPicture@COctopusCamera@@QAEXXZ 00409500 f   OctopusCameraDlg.obj
 0001:000086b0       ?TakePicture@COctopusCamera@@QAEXXZ 004096b0 f   OctopusCameraDlg.obj
 0001:00008820       ?TakeKineticPicture@COctopusCamera@@QAEXXZ 00409820 f   OctopusCameraDlg.obj
 0001:00008a00       ?StartMovie@COctopusCamera@@QAEXXZ 00409a00 f   OctopusCameraDlg.obj
 0001:00008bb0       ?StopCameraThread@COctopusCamera@@QAEXXZ 00409bb0 f   OctopusCameraDlg.obj
 0001:00008c00       ?SetROI_To_Default@COctopusCamera@@QAEXXZ 00409c00 f   OctopusCameraDlg.obj
 0001:00008c70       ?SetROI@COctopusCamera@@IAEXXZ 00409c70 f   OctopusCameraDlg.obj
 0001:00008d70       ?BinChange@COctopusCamera@@IAEXXZ 00409d70 f   OctopusCameraDlg.obj
 0001:00008dd0       ?OpenWindow@COctopusCamera@@IAEXXZ 00409dd0 f   OctopusCameraDlg.obj
 0001:00008f80       ?OnKillfocusGeneral@COctopusCamera@@IAEXXZ 00409f80 f   OctopusCameraDlg.obj
 0001:00008fa0       ?OnKillfocusTempTarget@COctopusCamera@@IAEXXZ 00409fa0 f   OctopusCameraDlg.obj
 0001:00008fd0       ?OnKillfocusManualGain@COctopusCamera@@IAEXXZ 00409fd0 f   OctopusCameraDlg.obj
 0001:00009000       ?OnKillfocusPicturesPerFile@COctopusCamera@@IAEXXZ 0040a000 f   OctopusCameraDlg.obj
 0001:00009030       ?OnBinning1x1@COctopusCamera@@IAEXXZ 0040a030 f   OctopusCameraDlg.obj
 0001:00009060       ?OnBinning2x2@COctopusCamera@@IAEXXZ 0040a060 f   OctopusCameraDlg.obj
 0001:00009090       ?OnBinning4x4@COctopusCamera@@IAEXXZ 0040a090 f   OctopusCameraDlg.obj
 0001:000090c0       ?OnBinning8x8@COctopusCamera@@IAEXXZ 0040a0c0 f   OctopusCameraDlg.obj
 0001:000090f0       ?OnVSSPEED_0@COctopusCamera@@IAEXXZ 0040a0f0 f   OctopusCameraDlg.obj
 0001:00009110       ?OnVSSPEED_1@COctopusCamera@@IAEXXZ 0040a110 f   OctopusCameraDlg.obj
 0001:00009130       ?OnVSSPEED_2@COctopusCamera@@IAEXXZ 0040a130 f   OctopusCameraDlg.obj
 0001:00009150       ?OnVSSPEED_3@COctopusCamera@@IAEXXZ 0040a150 f   OctopusCameraDlg.obj
 0001:00009170       ?OnVSSPEED_4@COctopusCamera@@IAEXXZ 0040a170 f   OctopusCameraDlg.obj
 0001:00009190       ?OnHSSPEED_0@COctopusCamera@@IAEXXZ 0040a190 f   OctopusCameraDlg.obj
 0001:000091b0       ?OnHSSPEED_1@COctopusCamera@@IAEXXZ 0040a1b0 f   OctopusCameraDlg.obj
 0001:000091d0       ?OnHSSPEED_2@COctopusCamera@@IAEXXZ 0040a1d0 f   OctopusCameraDlg.obj
 0001:000091f0       ?OnHSSPEED_3@COctopusCamera@@IAEXXZ 0040a1f0 f   OctopusCameraDlg.obj
 0001:00009210       ?OnHSSPEED_4@COctopusCamera@@IAEXXZ 0040a210 f   OctopusCameraDlg.obj
 0001:00009230       ?OnHSSPEED_5@COctopusCamera@@IAEXXZ 0040a230 f   OctopusCameraDlg.obj
 0001:00009250       ?OnLMM_0@COctopusCamera@@IAEXXZ 0040a250 f   OctopusCameraDlg.obj
 0001:00009280       ?OnLMM_1@COctopusCamera@@IAEXXZ 0040a280 f   OctopusCameraDlg.obj
 0001:000092b0       ?OnLMM_2@COctopusCamera@@IAEXXZ 0040a2b0 f   OctopusCameraDlg.obj
 0001:000092e0       ?OnLMM_3@COctopusCamera@@IAEXXZ 0040a2e0 f   OctopusCameraDlg.obj
 0001:00009310       ?OnPIC_0@COctopusCamera@@IAEXXZ 0040a310 f   OctopusCameraDlg.obj
 0001:00009340       ?OnPIC_1@COctopusCamera@@IAEXXZ 0040a340 f   OctopusCameraDlg.obj
 0001:00009370       ?OnPIC_2@COctopusCamera@@IAEXXZ 0040a370 f   OctopusCameraDlg.obj
 0001:000093a0       ?OnGL_0@COctopusCamera@@IAEXXZ 0040a3a0 f   OctopusCameraDlg.obj
 0001:000093d0       ?OnGL_1@COctopusCamera@@IAEXXZ 0040a3d0 f   OctopusCameraDlg.obj
 0001:00009420       ?OnGL_2@COctopusCamera@@IAEXXZ 0040a420 f   OctopusCameraDlg.obj
 0001:00009470       ?OnVSSPEED_Report@COctopusCamera@@IAEXXZ 0040a470 f   OctopusCameraDlg.obj
 0001:00009490       ?OnHSSPEED_Report@COctopusCamera@@IAEXXZ 0040a490 f   OctopusCameraDlg.obj
 0001:000095f0       ?OnDisplayGainManual@COctopusCamera@@IAEXXZ 0040a5f0 f   OctopusCameraDlg.obj
 0001:00009620       ?OnDisplayGainAutomatic@COctopusCamera@@IAEXXZ 0040a620 f   OctopusCameraDlg.obj
 0001:00009650       ?StepGrating@COctopusCamera@@IAEXXZ 0040a650 f   OctopusCameraDlg.obj
 0001:000097a0       ?OnFileChange@COctopusCamera@@IAEXXZ 0040a7a0 f   OctopusCameraDlg.obj
 0001:000097d0       ?OnFocusChange@COctopusCamera@@IAEXXZ 0040a7d0 f   OctopusCameraDlg.obj
 0001:000097f0       ?StartSaving@COctopusCamera@@QAEXXZ 0040a7f0 f   OctopusCameraDlg.obj
 0001:00009880       ?StopSaving@COctopusCamera@@QAEXXZ 0040a880 f   OctopusCameraDlg.obj
 0001:00009900       ?FileClose@COctopusCamera@@QAEXXZ 0040a900 f   OctopusCameraDlg.obj
 0001:00009950       ?OnSetPath@COctopusCamera@@IAEXXZ 0040a950 f   OctopusCameraDlg.obj
 0001:00009b20       ?OnTimer@COctopusCamera@@IAEXI@Z 0040ab20 f   OctopusCameraDlg.obj
 0001:0000a0e0       ?StartWaitThread@COctopusCamera@@IAEXXZ 0040b0e0 f   OctopusCameraDlg.obj
 0001:0000a140       ?KillWaitThread@COctopusCamera@@IAEXXZ 0040b140 f   OctopusCameraDlg.obj
 0001:0000a1e0       ?FocusThread@@YGKPAX@Z     0040b1e0 f   OctopusCameraDlg.obj
 0001:0000a2d0       ?OnBnClickedCasFt@COctopusCamera@@QAEXXZ 0040b2d0 f   OctopusCameraDlg.obj
 0001:0000a310       ?OnBnClickedCasTTL@COctopusCamera@@QAEXXZ 0040b310 f   OctopusCameraDlg.obj
 0001:0000a350       ?OnBnClickedCasAL@COctopusCamera@@QAEXXZ 0040b350 f   OctopusCameraDlg.obj
 0001:0000a390       ?OnCommand@COctopusCamera@@MAEHIJ@Z 0040b390 f   OctopusCameraDlg.obj
 0001:0000a3e0       ?EnableDlg@COctopusCamera@@IAEXXZ 0040b3e0 f   OctopusCameraDlg.obj
 0001:0000a590       ?DisableDlgMovie@COctopusCamera@@IAEXXZ 0040b590 f   OctopusCameraDlg.obj
 0001:0000a5f0       ?DisableDlg@COctopusCamera@@IAEXXZ 0040b5f0 f   OctopusCameraDlg.obj
 0001:0000a760       ?OnBnClickedGeneralFocus@COctopusCamera@@QAEXXZ 0040b760 f   OctopusCameraDlg.obj
 0001:0000a7c0       ?OnEnChangeFocusEdit@COctopusCamera@@QAEXXZ 0040b7c0 f   OctopusCameraDlg.obj
 0001:0000a7e0       ?OnEnChangeCasPicturesPerFile@COctopusCamera@@QAEXXZ 0040b7e0 f   OctopusCameraDlg.obj
 0001:0000b440       ??_ECOctopusCamera@@UAEPAXI@Z 0040c440 f i OctopusCameraDlg.obj
 0001:0000b440       ??_GCOctopusCamera@@UAEPAXI@Z 0040c440 f i OctopusCameraDlg.obj
 0001:0000b480       ?GetMiddle@COctopusGrating@@QAENXZ 0040c480 f i OctopusCameraDlg.obj
 0001:0000b4a0       ??HATL@@YA?AV?$CStringT@DV?$StrTraitMFC_DLL@DV?$ChTraitsCRT@D@ATL@@@@@0@ABV10@PBD@Z 0040c4a0 f i OctopusCameraDlg.obj
 0001:0000b580       ??0COctopusGoodClock@@QAE@XZ 0040c580 f   OctopusClock.obj
 0001:0000b5e0       ??1COctopusGoodClock@@UAE@XZ 0040c5e0 f   OctopusClock.obj
 0001:0000b600       ?End@COctopusGoodClock@@QBENXZ 0040c600 f   OctopusClock.obj
 0001:0000b690       ??_ECOctopusGoodClock@@UAEPAXI@Z 0040c690 f i OctopusClock.obj
 0001:0000b690       ??_GCOctopusGoodClock@@UAEPAXI@Z 0040c690 f i OctopusClock.obj
 0001:0000b6d0       ?CreateObject@COctopusDoc@@SGPAVCObject@@XZ 0040c6d0 f   OctopusDoc.obj
 0001:0000b740       ?_GetBaseClass@COctopusDoc@@KGPAUCRuntimeClass@@XZ 0040c740 f   OctopusDoc.obj
 0001:0000b750       ?GetThisClass@COctopusDoc@@SGPAUCRuntimeClass@@XZ 0040c750 f   OctopusDoc.obj
 0001:0000b760       ?GetRuntimeClass@COctopusDoc@@UBEPAUCRuntimeClass@@XZ 0040c760 f   OctopusDoc.obj
 0001:0000b770       ??0COctopusDoc@@IAE@XZ     0040c770 f   OctopusDoc.obj
 0001:0000b790       ??1COctopusDoc@@UAE@XZ     0040c790 f   OctopusDoc.obj
 0001:0000b7b0       ?OnNewDocument@COctopusDoc@@UAEHXZ 0040c7b0 f   OctopusDoc.obj
 0001:0000b800       ??_ECOctopusDoc@@UAEPAXI@Z 0040c800 f i OctopusDoc.obj
 0001:0000b800       ??_GCOctopusDoc@@UAEPAXI@Z 0040c800 f i OctopusDoc.obj
 0001:0000b840       ??0COctopusFocus@@QAE@PAVCWnd@@@Z 0040c840 f   OctopusFocus.obj
 0001:0000ba00       ?OnInitDialog@COctopusFocus@@UAEHXZ 0040ca00 f   OctopusFocus.obj
 0001:0000ba20       ??1COctopusFocus@@UAE@XZ   0040ca20 f   OctopusFocus.obj
 0001:0000bae0       ?Close@COctopusFocus@@QAEXXZ 0040cae0 f   OctopusFocus.obj
 0001:0000bb00       ?OnFocus@COctopusFocus@@QAEXXZ 0040cb00 f   OctopusFocus.obj
 0001:0000bc00       ?AutoFocus@COctopusFocus@@QAEXN@Z 0040cc00 f   OctopusFocus.obj
 0001:0000be20       ?ROIFocus@COctopusFocus@@QAEXN@Z 0040ce20 f   OctopusFocus.obj
 0001:0000c060       ?EndFocus@COctopusFocus@@QAEXXZ 0040d060 f   OctopusFocus.obj
 0001:0000c150       ?OnTimer@COctopusFocus@@QAEXI@Z 0040d150 f   OctopusFocus.obj
 0001:0000c770       ?DoDataExchange@COctopusFocus@@MAEXPAVCDataExchange@@@Z 0040d770 f   OctopusFocus.obj
 0001:0000c7d0       ?GetMessageMap@COctopusFocus@@MBEPBUAFX_MSGMAP@@XZ 0040d7d0 f   OctopusFocus.obj
 0001:0000c7e0       ?GetThisMessageMap@COctopusFocus@@KGPBUAFX_MSGMAP@@XZ 0040d7e0 f   OctopusFocus.obj
 0001:0000c7f0       ?OnKillfocusGeneral@COctopusFocus@@QAEXXZ 0040d7f0 f   OctopusFocus.obj
 0001:0000c810       ?OnCommand@COctopusFocus@@MAEHIJ@Z 0040d810 f   OctopusFocus.obj
 0001:0000cc60       ??_ECOctopusFocus@@UAEPAXI@Z 0040dc60 f i OctopusFocus.obj
 0001:0000cc60       ??_GCOctopusFocus@@UAEPAXI@Z 0040dc60 f i OctopusFocus.obj
 0001:0000cca0       ?GetExposureTime_Single_ms@COctopusCamera@@QAEKXZ 0040dca0 f i OctopusFocus.obj
 0001:0000ccc0       ??0COctopusGrating@@QAE@PAVCWnd@@@Z 0040dcc0 f   OctopusGrating.obj
 0001:0000cde0       ?OnInitDialog@COctopusGrating@@UAEHXZ 0040dde0 f   OctopusGrating.obj
 0001:0000ce20       ??1COctopusGrating@@UAE@XZ 0040de20 f   OctopusGrating.obj
 0001:0000cea0       ?Initialize@COctopusGrating@@QAEHXZ 0040dea0 f   OctopusGrating.obj
 0001:0000d050       ?Close@COctopusGrating@@QAEXXZ 0040e050 f   OctopusGrating.obj
 0001:0000d0f0       ?MoveRel@COctopusGrating@@QAEXN@Z 0040e0f0 f   OctopusGrating.obj
 0001:0000d120       ?MoveTo@COctopusGrating@@QAEXN@Z 0040e120 f   OctopusGrating.obj
 0001:0000d270       ?MoveFwd@COctopusGrating@@QAEXXZ 0040e270 f   OctopusGrating.obj
 0001:0000d2a0       ?MoveBack@COctopusGrating@@QAEXXZ 0040e2a0 f   OctopusGrating.obj
 0001:0000d2d0       ?OnStepSize1@COctopusGrating@@QAEXXZ 0040e2d0 f   OctopusGrating.obj
 0001:0000d310       ?OnStepSize2@COctopusGrating@@QAEXXZ 0040e310 f   OctopusGrating.obj
 0001:0000d350       ?OnStepSize3@COctopusGrating@@QAEXXZ 0040e350 f   OctopusGrating.obj
 0001:0000d390       ?OnStepSize4@COctopusGrating@@QAEXXZ 0040e390 f   OctopusGrating.obj
 0001:0000d3c0       ?OnStepSize5@COctopusGrating@@QAEXXZ 0040e3c0 f   OctopusGrating.obj
 0001:0000d400       ?UpdatePosition@COctopusGrating@@IAEXXZ 0040e400 f   OctopusGrating.obj
 0001:0000d470       ?ShowPosition@COctopusGrating@@IAEXXZ 0040e470 f   OctopusGrating.obj
 0001:0000d520       ?Center@COctopusGrating@@QAEXXZ 0040e520 f   OctopusGrating.obj
 0001:0000d550       ?OnSave@COctopusGrating@@QAEXXZ 0040e550 f   OctopusGrating.obj
 0001:0000d5c0       ?OnSaveGoTo@COctopusGrating@@QAEXXZ 0040e5c0 f   OctopusGrating.obj
 0001:0000d5f0       ?OnTimer@COctopusGrating@@QAEXI@Z 0040e5f0 f   OctopusGrating.obj
 0001:0000d6a0       ?DoDataExchange@COctopusGrating@@MAEXPAVCDataExchange@@@Z 0040e6a0 f   OctopusGrating.obj
 0001:0000d6f0       ?GetMessageMap@COctopusGrating@@MBEPBUAFX_MSGMAP@@XZ 0040e6f0 f   OctopusGrating.obj
 0001:0000d700       ?GetThisMessageMap@COctopusGrating@@KGPBUAFX_MSGMAP@@XZ 0040e700 f   OctopusGrating.obj
 0001:0000d710       ?OnKillfocusGeneral@COctopusGrating@@QAEXXZ 0040e710 f   OctopusGrating.obj
 0001:0000d730       ?OnCommand@COctopusGrating@@MAEHIJ@Z 0040e730 f   OctopusGrating.obj
 0001:0000da20       ??_GCOctopusGrating@@UAEPAXI@Z 0040ea20 f i OctopusGrating.obj
 0001:0000da20       ??_ECOctopusGrating@@UAEPAXI@Z 0040ea20 f i OctopusGrating.obj
 0001:0000da60       ??0OctopusLaser@@QAE@PAVCWnd@@@Z 0040ea60 f   OctopusLaser.obj
 0001:0000dbb0       ?DoDataExchange@OctopusLaser@@MAEXPAVCDataExchange@@@Z 0040ebb0 f   OctopusLaser.obj
 0001:0000dc40       ?GetMessageMap@OctopusLaser@@MBEPBUAFX_MSGMAP@@XZ 0040ec40 f   OctopusLaser.obj
 0001:0000dc50       ?GetThisMessageMap@OctopusLaser@@KGPBUAFX_MSGMAP@@XZ 0040ec50 f   OctopusLaser.obj
 0001:0000dc60       ?OnInitDialog@OctopusLaser@@MAEHXZ 0040ec60 f   OctopusLaser.obj
 0001:0000dd70       ??1OctopusLaser@@UAE@XZ    0040ed70 f   OctopusLaser.obj
 0001:0000de20       ?OnCommand@OctopusLaser@@MAEHIJ@Z 0040ee20 f   OctopusLaser.obj
 0001:0000de70       ?LED_On@OctopusLaser@@QAEXM@Z 0040ee70 f   OctopusLaser.obj
 0001:0000deb0       ?LED_Off@OctopusLaser@@QAEXXZ 0040eeb0 f   OctopusLaser.obj
 0001:0000ded0       ?SetIntensity@OctopusLaser@@IAEXM@Z 0040eed0 f   OctopusLaser.obj
 0001:0000e000       ?OnNMCustomdrawLasersSlider@OctopusLaser@@QAEXPAUtagNMHDR@@PAJ@Z 0040f000 f   OctopusLaser.obj
 0001:0000e120       ?OnEnKillfocusLaserInput@OctopusLaser@@QAEXXZ 0040f120 f   OctopusLaser.obj
 0001:0000e3c0       ??_EOctopusLaser@@UAEPAXI@Z 0040f3c0 f i OctopusLaser.obj
 0001:0000e3c0       ??_GOctopusLaser@@UAEPAXI@Z 0040f3c0 f i OctopusLaser.obj
 0001:0000e400       ??0COctopusLasers@@QAE@PAVCWnd@@@Z 0040f400 f   OctopusLasers.obj
 0001:0000e5d0       ?DoDataExchange@COctopusLasers@@MAEXPAVCDataExchange@@@Z 0040f5d0 f   OctopusLasers.obj
 0001:0000e6b0       ?GetMessageMap@COctopusLasers@@MBEPBUAFX_MSGMAP@@XZ 0040f6b0 f   OctopusLasers.obj
 0001:0000e6c0       ?GetThisMessageMap@COctopusLasers@@KGPBUAFX_MSGMAP@@XZ 0040f6c0 f   OctopusLasers.obj
 0001:0000e6d0       ??1COctopusLasers@@UAE@XZ  0040f6d0 f   OctopusLasers.obj
 0001:0000e7d0       ?OnClicked405@COctopusLasers@@QAEXXZ 0040f7d0 f   OctopusLasers.obj
 0001:0000e800       ?OnClicked488@COctopusLasers@@QAEXXZ 0040f800 f   OctopusLasers.obj
 0001:0000e830       ?OnClicked561@COctopusLasers@@QAEXXZ 0040f830 f   OctopusLasers.obj
 0001:0000e860       ?OnClicked639@COctopusLasers@@QAEXXZ 0040f860 f   OctopusLasers.obj
 0001:0000e890       ?Laser_639_On@COctopusLasers@@QAEXXZ 0040f890 f   OctopusLasers.obj
 0001:0000e8e0       ?Laser_639_Off@COctopusLasers@@QAEXXZ 0040f8e0 f   OctopusLasers.obj
 0001:0000e930       ?Laser_405_On@COctopusLasers@@QAEXXZ 0040f930 f   OctopusLasers.obj
 0001:0000e980       ?Laser_405_Off@COctopusLasers@@QAEXXZ 0040f980 f   OctopusLasers.obj
 0001:0000e9d0       ?Laser_488_On@COctopusLasers@@QAEXXZ 0040f9d0 f   OctopusLasers.obj
 0001:0000ea20       ?Laser_488_Off@COctopusLasers@@QAEXXZ 0040fa20 f   OctopusLasers.obj
 0001:0000ea70       ?Laser_561_On@COctopusLasers@@QAEXXZ 0040fa70 f   OctopusLasers.obj
 0001:0000eac0       ?Laser_561_Off@COctopusLasers@@QAEXXZ 0040fac0 f   OctopusLasers.obj
 0001:0000eb10       ?Initialize@COctopusLasers@@QAEXXZ 0040fb10 f   OctopusLasers.obj
 0001:0000ecb0       ?OnCommand@COctopusLasers@@MAEHIJ@Z 0040fcb0 f   OctopusLasers.obj
 0001:0000ef30       ??_GCOctopusLasers@@UAEPAXI@Z 0040ff30 f i OctopusLasers.obj
 0001:0000ef30       ??_ECOctopusLasers@@UAEPAXI@Z 0040ff30 f i OctopusLasers.obj
 0001:0000ef70       ?SC_Enable@CMgmotorctrl1@@QAEJJ@Z 0040ff70 f i OctopusLasers.obj
 0001:0000efc0       ?SC_Disable@CMgmotorctrl1@@QAEJJ@Z 0040ffc0 f i OctopusLasers.obj
 0001:0000f010       ?StartCtrl@CMgmotorctrl1@@QAEJXZ 00410010 f i OctopusLasers.obj
 0001:0000f050       ?SC_SetOperatingMode@CMgmotorctrl1@@QAEJJJ@Z 00410050 f i OctopusLasers.obj
 0001:0000f0a0       ?SetHWSerialNum@CMgmotorctrl1@@QAEXJ@Z 004100a0 f i OctopusLasers.obj
 0001:0000f0d0       ??0COctopusLog@@QAE@XZ     004100d0 f   OctopusLog.obj
 0001:0000f110       ??1COctopusLog@@QAE@XZ     00410110 f   OctopusLog.obj
 0001:0000f140       ?Open_File@COctopusLog@@IAE_NXZ 00410140 f   OctopusLog.obj
 0001:0000f180       ?Write@COctopusLog@@QAEXV?$CStringT@DV?$StrTraitMFC_DLL@DV?$ChTraitsCRT@D@ATL@@@@@ATL@@@Z 00410180 f   OctopusLog.obj
 0001:0000f360       ?Format@CTime@ATL@@QBE?AV?$CStringT@DV?$StrTraitMFC_DLL@DV?$ChTraitsCRT@D@ATL@@@@@2@PBD@Z 00410360 f i OctopusLog.obj
 0001:0000f460       ??0COctopusObjectivePiezo@@QAE@PAVCWnd@@@Z 00410460 f   OctopusObjectivePiezo.obj
 0001:0000f640       ?OnInitDialog@COctopusObjectivePiezo@@UAEHXZ 00410640 f   OctopusObjectivePiezo.obj
 0001:0000f660       ??1COctopusObjectivePiezo@@UAE@XZ 00410660 f   OctopusObjectivePiezo.obj
 0001:0000f730       ?Initialize@COctopusObjectivePiezo@@QAEHXZ 00410730 f   OctopusObjectivePiezo.obj
 0001:0000f9a0       ?Close@COctopusObjectivePiezo@@QAEXXZ 004109a0 f   OctopusObjectivePiezo.obj
 0001:0000fa50       ?MoveRelZ@COctopusObjectivePiezo@@QAEXN@Z 00410a50 f   OctopusObjectivePiezo.obj
 0001:0000fbb0       ?MoveUp@COctopusObjectivePiezo@@QAEXXZ 00410bb0 f   OctopusObjectivePiezo.obj
 0001:0000fbe0       ?MoveDown@COctopusObjectivePiezo@@QAEXXZ 00410be0 f   OctopusObjectivePiezo.obj
 0001:0000fc10       ?OnStepSize1@COctopusObjectivePiezo@@QAEXXZ 00410c10 f   OctopusObjectivePiezo.obj
 0001:0000fc50       ?OnStepSize2@COctopusObjectivePiezo@@QAEXXZ 00410c50 f   OctopusObjectivePiezo.obj
 0001:0000fc90       ?OnStepSize3@COctopusObjectivePiezo@@QAEXXZ 00410c90 f   OctopusObjectivePiezo.obj
 0001:0000fcd0       ?OnStepSize4@COctopusObjectivePiezo@@QAEXXZ 00410cd0 f   OctopusObjectivePiezo.obj
 0001:0000fd00       ?OnStepSize5@COctopusObjectivePiezo@@QAEXXZ 00410d00 f   OctopusObjectivePiezo.obj
 0001:0000fd40       ?GetPosition@COctopusObjectivePiezo@@IAENXZ 00410d40 f   OctopusObjectivePiezo.obj
 0001:0000fd60       ?UpdatePosition@COctopusObjectivePiezo@@IAEXXZ 00410d60 f   OctopusObjectivePiezo.obj
 0001:0000fdd0       ?ShowPosition@COctopusObjectivePiezo@@IAEXXZ 00410dd0 f   OctopusObjectivePiezo.obj
 0001:0000fe80       ?Center@COctopusObjectivePiezo@@QAEXXZ 00410e80 f   OctopusObjectivePiezo.obj
 0001:0000ff70       ?OnSave@COctopusObjectivePiezo@@QAEXXZ 00410f70 f   OctopusObjectivePiezo.obj
 0001:0000ffe0       ?OnSaveGoTo@COctopusObjectivePiezo@@QAEXXZ 00410fe0 f   OctopusObjectivePiezo.obj
 0001:000100d0       ?OnTimer@COctopusObjectivePiezo@@QAEXI@Z 004110d0 f   OctopusObjectivePiezo.obj
 0001:00010190       ?DoDataExchange@COctopusObjectivePiezo@@MAEXPAVCDataExchange@@@Z 00411190 f   OctopusObjectivePiezo.obj
 0001:000101e0       ?GetMessageMap@COctopusObjectivePiezo@@MBEPBUAFX_MSGMAP@@XZ 004111e0 f   OctopusObjectivePiezo.obj
 0001:000101f0       ?GetThisMessageMap@COctopusObjectivePiezo@@KGPBUAFX_MSGMAP@@XZ 004111f0 f   OctopusObjectivePiezo.obj
 0001:00010200       ?OnKillfocusGeneral@COctopusObjectivePiezo@@QAEXXZ 00411200 f   OctopusObjectivePiezo.obj
 0001:00010220       ?OnCommand@COctopusObjectivePiezo@@MAEHIJ@Z 00411220 f   OctopusObjectivePiezo.obj
 0001:000105f0       ??_ECOctopusObjectivePiezo@@UAEPAXI@Z 004115f0 f i OctopusObjectivePiezo.obj
 0001:000105f0       ??_GCOctopusObjectivePiezo@@UAEPAXI@Z 004115f0 f i OctopusObjectivePiezo.obj
 0001:00010630       ??0COctopusPolarizer@@QAE@PAVCWnd@@@Z 00411630 f   OctopusPolarizer.obj
 0001:00010860       ?OnInitDialog@COctopusPolarizer@@MAEHXZ 00411860 f   OctopusPolarizer.obj
 0001:00010930       ?OnTimer@COctopusPolarizer@@QAEXI@Z 00411930 f   OctopusPolarizer.obj
 0001:000109a0       ?DoDataExchange@COctopusPolarizer@@MAEXPAVCDataExchange@@@Z 004119a0 f   OctopusPolarizer.obj
 0001:00010b60       ?GetMessageMap@COctopusPolarizer@@MBEPBUAFX_MSGMAP@@XZ 00411b60 f   OctopusPolarizer.obj
 0001:00010b70       ?GetThisMessageMap@COctopusPolarizer@@KGPBUAFX_MSGMAP@@XZ 00411b70 f   OctopusPolarizer.obj
 0001:00010b80       ?OnKillfocusGeneral@COctopusPolarizer@@QAEXXZ 00411b80 f   OctopusPolarizer.obj
 0001:00010ba0       ??1COctopusPolarizer@@UAE@XZ 00411ba0 f   OctopusPolarizer.obj
 0001:00010c90       ?MoveCW@COctopusPolarizer@@QAEXXZ 00411c90 f   OctopusPolarizer.obj
 0001:00010cc0       ?MoveCCW@COctopusPolarizer@@QAEXXZ 00411cc0 f   OctopusPolarizer.obj
 0001:00010cf0       ?MoveRel@COctopusPolarizer@@QAEXM@Z 00411cf0 f   OctopusPolarizer.obj
 0001:00010d20       ?MoveAE_T@COctopusPolarizer@@IAEXM_N@Z 00411d20 f   OctopusPolarizer.obj
 0001:00010d70       ?Initialize@COctopusPolarizer@@QAEXXZ 00411d70 f   OctopusPolarizer.obj
 0001:00010e40       ?OnBnClickedRot@COctopusPolarizer@@QAEXXZ 00411e40 f   OctopusPolarizer.obj
 0001:00010ec0       ?OnBnClickedRot2@COctopusPolarizer@@QAEXXZ 00411ec0 f   OctopusPolarizer.obj
 0001:00010f40       ?OnBnClickedRot3@COctopusPolarizer@@QAEXXZ 00411f40 f   OctopusPolarizer.obj
 0001:00010fc0       ?GetPosition@COctopusPolarizer@@IAEXXZ 00411fc0 f   OctopusPolarizer.obj
 0001:00011000       ?FrameConvert@COctopusPolarizer@@IAENN@Z 00412000 f   OctopusPolarizer.obj
 0001:00011050       ?Close@COctopusPolarizer@@QAEXXZ 00412050 f   OctopusPolarizer.obj
 0001:00011080       ?Zero@COctopusPolarizer@@QAEXXZ 00412080 f   OctopusPolarizer.obj
 0001:000110a0       ?SavePositionGoTo@COctopusPolarizer@@QAEXXZ 004120a0 f   OctopusPolarizer.obj
 0001:000110d0       ?SavePositionSet@COctopusPolarizer@@QAEXXZ 004120d0 f   OctopusPolarizer.obj
 0001:00011100       ?ShowPosition@COctopusPolarizer@@IAEXXZ 00412100 f   OctopusPolarizer.obj
 0001:000111c0       ?ShowStep@COctopusPolarizer@@IAEXXZ 004121c0 f   OctopusPolarizer.obj
 0001:00011280       ?OnCommand@COctopusPolarizer@@MAEHIJ@Z 00412280 f   OctopusPolarizer.obj
 0001:000112d0       ?ScanSetStart@COctopusPolarizer@@IAEXXZ 004122d0 f   OctopusPolarizer.obj
 0001:00011300       ?ScanStartStop@COctopusPolarizer@@QAEXXZ 00412300 f   OctopusPolarizer.obj
 0001:00011400       ?ScanStep@COctopusPolarizer@@IAEXXZ 00412400 f   OctopusPolarizer.obj
 0001:000117b0       ?ScanDone@COctopusPolarizer@@IAEXXZ 004127b0 f   OctopusPolarizer.obj
 0001:00011d40       ??_ECOctopusPolarizer@@UAEPAXI@Z 00412d40 f i OctopusPolarizer.obj
 0001:00011d40       ??_GCOctopusPolarizer@@UAEPAXI@Z 00412d40 f i OctopusPolarizer.obj
 0001:00011d80       ?MoveRelativeEnc@CMgmotorctrl1@@QAEJJMMJH@Z 00412d80 f i OctopusPolarizer.obj
 0001:00011de0       ?MoveAbsoluteEnc@CMgmotorctrl1@@QAEJJMMJH@Z 00412de0 f i OctopusPolarizer.obj
 0001:00011e40       ?MoveHome@CMgmotorctrl1@@QAEJJH@Z 00412e40 f i OctopusPolarizer.obj
 0001:00011e90       ?SetVelParams@CMgmotorctrl1@@QAEJJMMM@Z 00412e90 f i OctopusPolarizer.obj
 0001:00011ef0       ?SetBLashDist@CMgmotorctrl1@@QAEJJM@Z 00412ef0 f i OctopusPolarizer.obj
 0001:00011f40       ?SetRotStageModes@CMgmotorctrl1@@QAEJJJJ@Z 00412f40 f i OctopusPolarizer.obj
 0001:00011f90       ?GetPosition@CMgmotorctrl1@@QAEJJPAM@Z 00412f90 f i OctopusPolarizer.obj
 0001:00011fe0       ?StopCtrl@CMgmotorctrl1@@QAEJXZ 00412fe0 f i OctopusPolarizer.obj
 0001:00012020       ??0COctopusScope@@QAE@PAVCWnd@@@Z 00413020 f   OctopusScope.obj
 0001:00012170       ?OnInitDialog@COctopusScope@@MAEHXZ 00413170 f   OctopusScope.obj
 0001:000121a0       ?OnTimer@COctopusScope@@QAEXI@Z 004131a0 f   OctopusScope.obj
 0001:00012210       ?Init@COctopusScope@@IAE_NXZ 00413210 f   OctopusScope.obj
 0001:000129d0       ?DoDataExchange@COctopusScope@@MAEXPAVCDataExchange@@@Z 004139d0 f   OctopusScope.obj
 0001:00012a90       ?GetMessageMap@COctopusScope@@MBEPBUAFX_MSGMAP@@XZ 00413a90 f   OctopusScope.obj
 0001:00012aa0       ?GetThisMessageMap@COctopusScope@@KGPBUAFX_MSGMAP@@XZ 00413aa0 f   OctopusScope.obj
 0001:00012ab0       ?Close@COctopusScope@@QAEXXZ 00413ab0 f   OctopusScope.obj
 0001:00012b50       ??1COctopusScope@@UAE@XZ   00413b50 f   OctopusScope.obj
 0001:00012c00       ?Z_StepDown@COctopusScope@@QAEXXZ 00413c00 f   OctopusScope.obj
 0001:00012cd0       ?Z_StepUp@COctopusScope@@QAEXXZ 00413cd0 f   OctopusScope.obj
 0001:00012da0       ?ObjESC@COctopusScope@@QAEXXZ 00413da0 f   OctopusScope.obj
 0001:00012ee0       ?ObjRTN@COctopusScope@@QAEXXZ 00413ee0 f   OctopusScope.obj
 0001:00012fe0       ?OnObjectiveStepSize1@COctopusScope@@QAEXXZ 00413fe0 f   OctopusScope.obj
 0001:00013020       ?OnObjectiveStepSize2@COctopusScope@@QAEXXZ 00414020 f   OctopusScope.obj
 0001:00013060       ?OnObjectiveStepSize3@COctopusScope@@QAEXXZ 00414060 f   OctopusScope.obj
 0001:000130a0       ?OnObjectiveStepSize4@COctopusScope@@QAEXXZ 004140a0 f   OctopusScope.obj
 0001:000130e0       ?GetPosition@COctopusScope@@QAEXXZ 004140e0 f   OctopusScope.obj
 0001:000132d0       ?DisplayPosition@COctopusScope@@IAEXXZ 004142d0 f   OctopusScope.obj
 0001:00013370       ?OnObj_1@COctopusScope@@QAEXXZ 00414370 f   OctopusScope.obj
 0001:000133a0       ?OnObj_2@COctopusScope@@QAEXXZ 004143a0 f   OctopusScope.obj
 0001:000133d0       ?OnObj_3@COctopusScope@@QAEXXZ 004143d0 f   OctopusScope.obj
 0001:00013400       ?OnObj_4@COctopusScope@@QAEXXZ 00414400 f   OctopusScope.obj
 0001:00013430       ?OnObj_5@COctopusScope@@QAEXXZ 00414430 f   OctopusScope.obj
 0001:00013460       ?OnObj_6@COctopusScope@@QAEXXZ 00414460 f   OctopusScope.obj
 0001:00013490       ?OnFW_1@COctopusScope@@QAEXXZ 00414490 f   OctopusScope.obj
 0001:000134c0       ?OnFW_2@COctopusScope@@QAEXXZ 004144c0 f   OctopusScope.obj
 0001:000134f0       ?OnFW_3@COctopusScope@@QAEXXZ 004144f0 f   OctopusScope.obj
 0001:00013520       ?OnFW_4@COctopusScope@@QAEXXZ 00414520 f   OctopusScope.obj
 0001:00013550       ?OnFW_5@COctopusScope@@QAEXXZ 00414550 f   OctopusScope.obj
 0001:00013580       ?OnFW_6@COctopusScope@@QAEXXZ 00414580 f   OctopusScope.obj
 0001:000135b0       ?OnBFW_1@COctopusScope@@QAEXXZ 004145b0 f   OctopusScope.obj
 0001:000135e0       ?OnBFW_2@COctopusScope@@QAEXXZ 004145e0 f   OctopusScope.obj
 0001:00013610       ?OnBFW_3@COctopusScope@@QAEXXZ 00414610 f   OctopusScope.obj
 0001:00013640       ?OnBFW_4@COctopusScope@@QAEXXZ 00414640 f   OctopusScope.obj
 0001:00013670       ?OnBFW_5@COctopusScope@@QAEXXZ 00414670 f   OctopusScope.obj
 0001:000136a0       ?OnBFW_6@COctopusScope@@QAEXXZ 004146a0 f   OctopusScope.obj
 0001:000136d0       ?Objective@COctopusScope@@QAEXH@Z 004146d0 f   OctopusScope.obj
 0001:000139e0       ?GetObj@COctopusScope@@IAEHXZ 004149e0 f   OctopusScope.obj
 0001:00013b90       ?GetFW@COctopusScope@@IAEHXZ 00414b90 f   OctopusScope.obj
 0001:00013d40       ?GetBFW@COctopusScope@@IAEHXZ 00414d40 f   OctopusScope.obj
 0001:00013ef0       ?EpiFilterWheel@COctopusScope@@QAEXH@Z 00414ef0 f   OctopusScope.obj
 0001:00013fc0       ?BrightFieldFilterWheel@COctopusScope@@QAEXH@Z 00414fc0 f   OctopusScope.obj
 0001:00014090       ?ChangePath@COctopusScope@@QAEXXZ 00415090 f   OctopusScope.obj
 0001:00014110       ?BrightField@COctopusScope@@QAEXH@Z 00415110 f   OctopusScope.obj
 0001:000141e0       ?OnNMCustomdrawExecute@COctopusScope@@IAEXPAUtagNMHDR@@PAJ@Z 004151e0 f   OctopusScope.obj
 0001:00014240       ?DisplayBFIntensity@COctopusScope@@IAEXH@Z 00415240 f   OctopusScope.obj
 0001:00014300       ?WriteScope@COctopusScope@@IAE_NV?$CStringT@DV?$StrTraitMFC_DLL@DV?$ChTraitsCRT@D@ATL@@@@@ATL@@@Z 00415300 f   OctopusScope.obj
 0001:00014410       ?ReadScope@COctopusScope@@IAE?AV?$CStringT@DV?$StrTraitMFC_DLL@DV?$ChTraitsCRT@D@ATL@@@@@ATL@@G@Z 00415410 f   OctopusScope.obj
 0001:000144d0       ?OnCommand@COctopusScope@@MAEHIJ@Z 004154d0 f   OctopusScope.obj
 0001:00014e50       ??_ECOctopusScope@@UAEPAXI@Z 00415e50 f i OctopusScope.obj
 0001:00014e50       ??_GCOctopusScope@@UAEPAXI@Z 00415e50 f i OctopusScope.obj
 0001:00014e90       ??_GCPort@@QAEPAXI@Z       00415e90 f i OctopusScope.obj
 0001:00014ed0       ??9ATL@@YA_NABV?$CStringT@DV?$StrTraitMFC_DLL@DV?$ChTraitsCRT@D@ATL@@@@@0@PBD@Z 00415ed0 f i OctopusScope.obj
 0001:00014ef0       ??9ATL@@YA_NABV?$CStringT@DV?$StrTraitMFC_DLL@DV?$ChTraitsCRT@D@ATL@@@@@0@D@Z 00415ef0 f i OctopusScope.obj
 0001:00014f40       ??0COctopusScript@@QAE@PAVCWnd@@@Z 00415f40 f   OctopusScript.obj
 0001:000150d0       ?DoDataExchange@COctopusScript@@MAEXPAVCDataExchange@@@Z 004160d0 f   OctopusScript.obj
 0001:00015150       ?GetMessageMap@COctopusScript@@MBEPBUAFX_MSGMAP@@XZ 00416150 f   OctopusScript.obj
 0001:00015160       ?GetThisMessageMap@COctopusScript@@KGPBUAFX_MSGMAP@@XZ 00416160 f   OctopusScript.obj
 0001:00015170       ??1COctopusScript@@UAE@XZ  00416170 f   OctopusScript.obj
 0001:00015230       ?OnButtonSeqLoad@COctopusScript@@IAEXXZ 00416230 f   OctopusScript.obj
 0001:000157a0       ?OnButtonSeqRun@COctopusScript@@IAEXXZ 004167a0 f   OctopusScript.obj
 0001:000158a0       ?OnButtonSeqStop@COctopusScript@@IAEXXZ 004168a0 f   OctopusScript.obj
 0001:000158f0       ?OnTimer@COctopusScript@@IAEXI@Z 004168f0 f   OctopusScript.obj
 0001:00017830       ??_ECOctopusScript@@UAEPAXI@Z 00418830 f i OctopusScript.obj
 0001:00017830       ??_GCOctopusScript@@UAEPAXI@Z 00418830 f i OctopusScript.obj
 0001:00017870       ??0COctopusShutterAndWheel@@QAE@PAVCWnd@@@Z 00418870 f   OctopusShutter.obj
 0001:00017990       ?DoDataExchange@COctopusShutterAndWheel@@MAEXPAVCDataExchange@@@Z 00418990 f   OctopusShutter.obj
 0001:00017a20       ?GetMessageMap@COctopusShutterAndWheel@@MBEPBUAFX_MSGMAP@@XZ 00418a20 f   OctopusShutter.obj
 0001:00017a30       ?GetThisMessageMap@COctopusShutterAndWheel@@KGPBUAFX_MSGMAP@@XZ 00418a30 f   OctopusShutter.obj
 0001:00017a40       ?OnInitDialog@COctopusShutterAndWheel@@MAEHXZ 00418a40 f   OctopusShutter.obj
 0001:00017af0       ??1COctopusShutterAndWheel@@UAE@XZ 00418af0 f   OctopusShutter.obj
 0001:00017c00       ?OnSnap@COctopusShutterAndWheel@@QAEXXZ 00418c00 f   OctopusShutter.obj
 0001:00017cb0       ?Loadem@COctopusShutterAndWheel@@IAEXXZ 00418cb0 f   OctopusShutter.obj
 0001:000180d0       ?ShutterOpen@COctopusShutterAndWheel@@QAEXXZ 004190d0 f   OctopusShutter.obj
 0001:00018150       ?ShutterPartial@COctopusShutterAndWheel@@QAEXE@Z 00419150 f   OctopusShutter.obj
 0001:00018210       ?ShutterClose@COctopusShutterAndWheel@@QAEXXZ 00419210 f   OctopusShutter.obj
 0001:000182a0       ?Filter@COctopusShutterAndWheel@@QAEXE@Z 004192a0 f   OctopusShutter.obj
 0001:00018330       ?ShutterReady@COctopusShutterAndWheel@@QAE_NXZ 00419330 f   OctopusShutter.obj
 0001:00018360       ?Read@COctopusShutterAndWheel@@IAEKPAXKPAK@Z 00419360 f   OctopusShutter.obj
 0001:00018390       ?SetBaudRate@COctopusShutterAndWheel@@IAEKK@Z 00419390 f   OctopusShutter.obj
 0001:000183c0       ?SetLatencyTimer@COctopusShutterAndWheel@@IAEKE@Z 004193c0 f   OctopusShutter.obj
 0001:000183f0       ?SetUSBParameters@COctopusShutterAndWheel@@IAEKKK@Z 004193f0 f   OctopusShutter.obj
 0001:00018420       ?Write@COctopusShutterAndWheel@@IAEKPAXKPAK@Z 00419420 f   OctopusShutter.obj
 0001:00018450       ?Open@COctopusShutterAndWheel@@IAEKPAX@Z 00419450 f   OctopusShutter.obj
 0001:00018480       ?OpenEx@COctopusShutterAndWheel@@IAEKPAXK@Z 00419480 f   OctopusShutter.obj
 0001:000184b0       ?ListDevices@COctopusShutterAndWheel@@IAEKPAX0K@Z 004194b0 f   OctopusShutter.obj
 0001:000184e0       ?Close@COctopusShutterAndWheel@@IAEKXZ 004194e0 f   OctopusShutter.obj
 0001:00018500       ?ResetDevice@COctopusShutterAndWheel@@IAEKXZ 00419500 f   OctopusShutter.obj
 0001:00018520       ?Purge@COctopusShutterAndWheel@@IAEKK@Z 00419520 f   OctopusShutter.obj
 0001:00018550       ?SetTimeouts@COctopusShutterAndWheel@@IAEKKK@Z 00419550 f   OctopusShutter.obj
 0001:00018580       ?GetQueueStatus@COctopusShutterAndWheel@@IAEKPAK@Z 00419580 f   OctopusShutter.obj
 0001:000185b0       ?OnCommand@COctopusShutterAndWheel@@MAEHIJ@Z 004195b0 f   OctopusShutter.obj
 0001:00018600       ?OnNMCustomdrawExecute@COctopusShutterAndWheel@@QAEXPAUtagNMHDR@@PAJ@Z 00419600 f   OctopusShutter.obj
 0001:00018660       ?UpdateShutterVal@COctopusShutterAndWheel@@IAEXXZ 00419660 f   OctopusShutter.obj
 0001:00018720       ?OnBnClickedImageJ@COctopusShutterAndWheel@@QAEXXZ 00419720 f   OctopusShutter.obj
 0001:00018760       ?OnKillFocusGeneral@COctopusShutterAndWheel@@IAEXXZ 00419760 f   OctopusShutter.obj
 0001:00018810       ?OnBnClickedReturnfiltercontrol@COctopusShutterAndWheel@@QAEXXZ 00419810 f   OctopusShutter.obj
 0001:00018830       ?ChangeFilterNumber@COctopusShutterAndWheel@@QAEXH@Z 00419830 f   OctopusShutter.obj
 0001:00018e00       ??_GCOctopusShutterAndWheel@@UAEPAXI@Z 00419e00 f i OctopusShutter.obj
 0001:00018e00       ??_ECOctopusShutterAndWheel@@UAEPAXI@Z 00419e00 f i OctopusShutter.obj
 0001:00018e40       ??0COctopusStage545@@QAE@PAVCWnd@@@Z 00419e40 f   OctopusStage545.obj
 0001:00018f70       ?OnTimer@COctopusStage545@@QAEXI@Z 00419f70 f   OctopusStage545.obj
 0001:000190b0       ?DoDataExchange@COctopusStage545@@MAEXPAVCDataExchange@@@Z 0041a0b0 f   OctopusStage545.obj
 0001:000191a0       ?GetMessageMap@COctopusStage545@@MBEPBUAFX_MSGMAP@@XZ 0041a1a0 f   OctopusStage545.obj
 0001:000191b0       ?GetThisMessageMap@COctopusStage545@@KGPBUAFX_MSGMAP@@XZ 0041a1b0 f   OctopusStage545.obj
 0001:000191c0       ?OnKillfocusGeneral@COctopusStage545@@QAEXXZ 0041a1c0 f   OctopusStage545.obj
 0001:000191e0       ??1COctopusStage545@@UAE@XZ 0041a1e0 f   OctopusStage545.obj
 0001:00019290       ?MoveLeft@COctopusStage545@@QAEXXZ 0041a290 f   OctopusStage545.obj
 0001:000192c0       ?MoveRight@COctopusStage545@@QAEXXZ 0041a2c0 f   OctopusStage545.obj
 0001:000192f0       ?MoveBack@COctopusStage545@@QAEXXZ 0041a2f0 f   OctopusStage545.obj
 0001:00019320       ?MoveFwd@COctopusStage545@@QAEXXZ 0041a320 f   OctopusStage545.obj
 0001:00019350       ?MoveUp@COctopusStage545@@QAEXXZ 0041a350 f   OctopusStage545.obj
 0001:00019380       ?MoveDown@COctopusStage545@@QAEXXZ 0041a380 f   OctopusStage545.obj
 0001:000193b0       ?MoveRelX@COctopusStage545@@QAEXN@Z 0041a3b0 f   OctopusStage545.obj
 0001:000195b0       ?MoveRelY@COctopusStage545@@QAEXN@Z 0041a5b0 f   OctopusStage545.obj
 0001:000197b0       ?MoveRelZ@COctopusStage545@@QAEXN@Z 0041a7b0 f   OctopusStage545.obj
 0001:00019940       ?OnStepSize1@COctopusStage545@@QAEXXZ 0041a940 f   OctopusStage545.obj
 0001:00019980       ?OnStepSize2@COctopusStage545@@QAEXXZ 0041a980 f   OctopusStage545.obj
 0001:000199c0       ?OnStepSize3@COctopusStage545@@QAEXXZ 0041a9c0 f   OctopusStage545.obj
 0001:00019a00       ?OnStepSize4@COctopusStage545@@QAEXXZ 0041aa00 f   OctopusStage545.obj
 0001:00019a40       ?OnStepSize5@COctopusStage545@@QAEXXZ 0041aa40 f   OctopusStage545.obj
 0001:00019a70       ?InitializeStage@COctopusStage545@@QAEHXZ 0041aa70 f   OctopusStage545.obj
 0001:00019de0       ?GetPosition@COctopusStage545@@QAEXXZ 0041ade0 f   OctopusStage545.obj
 0001:00019e70       ?Close@COctopusStage545@@QAEXXZ 0041ae70 f   OctopusStage545.obj
 0001:00019f30       ?StageCenter@COctopusStage545@@QAEXXZ 0041af30 f   OctopusStage545.obj
 0001:0001a060       ?OnSave@COctopusStage545@@QAEXXZ 0041b060 f   OctopusStage545.obj
 0001:0001a190       ?OnSaveGoTo@COctopusStage545@@QAEXXZ 0041b190 f   OctopusStage545.obj
 0001:0001a2c0       ?ShowPosition@COctopusStage545@@IAEXXZ 0041b2c0 f   OctopusStage545.obj
 0001:0001a370       ?OnCommand@COctopusStage545@@MAEHIJ@Z 0041b370 f   OctopusStage545.obj
 0001:0001a3c0       ?OnBnClickedButtonGotoxy@COctopusStage545@@QAEXXZ 0041b3c0 f   OctopusStage545.obj
 0001:0001acc0       ??_ECOctopusStage545@@UAEPAXI@Z 0041bcc0 f i OctopusStage545.obj
 0001:0001acc0       ??_GCOctopusStage545@@UAEPAXI@Z 0041bcc0 f i OctopusStage545.obj
 0001:0001ad00       ?CreateObject@COctopusView@@SGPAVCObject@@XZ 0041bd00 f   OctopusView.obj
 0001:0001ad80       ?_GetBaseClass@COctopusView@@KGPAUCRuntimeClass@@XZ 0041bd80 f   OctopusView.obj
 0001:0001ad90       ?GetThisClass@COctopusView@@SGPAUCRuntimeClass@@XZ 0041bd90 f   OctopusView.obj
 0001:0001ada0       ?GetRuntimeClass@COctopusView@@UBEPAUCRuntimeClass@@XZ 0041bda0 f   OctopusView.obj
 0001:0001adb0       ?GetMessageMap@COctopusView@@MBEPBUAFX_MSGMAP@@XZ 0041bdb0 f   OctopusView.obj
 0001:0001adc0       ?GetThisMessageMap@COctopusView@@KGPBUAFX_MSGMAP@@XZ 0041bdc0 f   OctopusView.obj
 0001:0001add0       ?DoDataExchange@COctopusView@@MAEXPAVCDataExchange@@@Z 0041bdd0 f   OctopusView.obj
 0001:0001adf0       ??0COctopusView@@IAE@XZ    0041bdf0 f   OctopusView.obj
 0001:0001ae30       ?OnInitialUpdate@COctopusView@@MAEXXZ 0041be30 f   OctopusView.obj
 0001:0001afc0       ??1COctopusView@@UAE@XZ    0041bfc0 f   OctopusView.obj
 0001:0001b410       ?OnOpenAndor@COctopusView@@IAEXXZ 0041c410 f   OctopusView.obj
 0001:0001b550       ?OnOpenScript@COctopusView@@IAEXXZ 0041c550 f   OctopusView.obj
 0001:0001b670       ?OnOpenWheel@COctopusView@@IAEXXZ 0041c670 f   OctopusView.obj
 0001:0001b850       ?OnOpenLED@COctopusView@@IAEXXZ 0041c850 f   OctopusView.obj
 0001:0001b970       ?OnOpenScope@COctopusView@@IAEXXZ 0041c970 f   OctopusView.obj
 0001:0001ba90       ?OnOpenStage545@COctopusView@@IAEXXZ 0041ca90 f   OctopusView.obj
 0001:0001bc60       ?OnOpenPiezo@COctopusView@@IAEXXZ 0041cc60 f   OctopusView.obj
 0001:0001be50       ?OnOpenGrating@COctopusView@@IAEXXZ 0041ce50 f   OctopusView.obj
 0001:0001c020       ?OnOpenLasers@COctopusView@@IAEXXZ 0041d020 f   OctopusView.obj
 0001:0001c1a0       ?OnOpenPolarizer@COctopusView@@IAEXXZ 0041d1a0 f   OctopusView.obj
 0001:0001c340       ?OnBnClickedStatusOpenFocus@COctopusView@@QAEXXZ 0041d340 f   OctopusView.obj
 0001:0001cb20       ?get_accChild@CFormView@@UAEJUtagVARIANT@@PAPAUIDispatch@@@Z 0041db20 f i OctopusView.obj
 0001:0001cb70       ?get_accChildCount@CFormView@@UAEJPAJ@Z 0041db70 f i OctopusView.obj
 0001:0001cba0       ?get_accName@CFormView@@UAEJUtagVARIANT@@PAPA_W@Z 0041dba0 f i OctopusView.obj
 0001:0001cbf0       ?accLocation@CFormView@@UAEJPAJ000UtagVARIANT@@@Z 0041dbf0 f i OctopusView.obj
 0001:0001cc50       ?accHitTest@CFormView@@UAEJJJPAUtagVARIANT@@@Z 0041dc50 f i OctopusView.obj
 0001:0001cc80       ??_ECOctopusView@@UAEPAXI@Z 0041dc80 f i OctopusView.obj
 0001:0001cc80       ??_GCOctopusView@@UAEPAXI@Z 0041dc80 f i OctopusView.obj
 0001:0001ccc0       ??0COctopusGlobals@@QAE@XZ 0041dcc0 f i OctopusView.obj
 0001:0001ccf0       ??1COctopusGlobals@@QAE@XZ 0041dcf0 f i OctopusView.obj
 0001:0001cd18       _PI_CloseConnection@4      0041dd18 f   PI_GCS2_DLL:PI_GCS2_DLL.dll
 0001:0001cd1e       _PI_SVO@12                 0041dd1e f   PI_GCS2_DLL:PI_GCS2_DLL.dll
 0001:0001cd24       _PI_qSAI@12                0041dd24 f   PI_GCS2_DLL:PI_GCS2_DLL.dll
 0001:0001cd2a       _PI_ConnectUSB@4           0041dd2a f   PI_GCS2_DLL:PI_GCS2_DLL.dll
 0001:0001cd30       _PI_MOV@12                 0041dd30 f   PI_GCS2_DLL:PI_GCS2_DLL.dll
 0001:0001cd36       _PI_IsMoving@12            0041dd36 f   PI_GCS2_DLL:PI_GCS2_DLL.dll
 0001:0001cd3c       _PI_qPOS@12                0041dd3c f   PI_GCS2_DLL:PI_GCS2_DLL.dll
 0001:0001cd42       _PI_EnumerateUSB@12        0041dd42 f   PI_GCS2_DLL:PI_GCS2_DLL.dll
 0001:0001cd48       _PI_JON@16                 0041dd48 f   PI_GCS2_DLL:PI_GCS2_DLL.dll
 0001:0001cd4e       _PI_qJON@16                0041dd4e f   PI_GCS2_DLL:PI_GCS2_DLL.dll
 0001:0001cd54       _PI_ConnectUSBWithBaudRate@8 0041dd54 f   PI_GCS2_DLL:PI_GCS2_DLL.dll
 0001:0001cd5a       _olDaInitialize@8          0041dd5a f   oldaapi32:oldaapi32.dll
 0001:0001cd60       _olDaTerminate@4           0041dd60 f   oldaapi32:oldaapi32.dll
 0001:0001cd66       _olDaReleaseDASS@4         0041dd66 f   oldaapi32:oldaapi32.dll
 0001:0001cd6c       _olDaPutSingleValue@20     0041dd6c f   oldaapi32:oldaapi32.dll
 0001:0001cd72       _olDaConfig@4              0041dd72 f   oldaapi32:oldaapi32.dll
 0001:0001cd78       _olDaSetDataFlow@8         0041dd78 f   oldaapi32:oldaapi32.dll
 0001:0001cd7e       _olDaGetDASS@16            0041dd7e f   oldaapi32:oldaapi32.dll
 0001:0001cd84       _FreeInternalMemory@0      0041dd84 f   Atmcd32m:ATMCD32D.DLL
 0001:0001cd8a       _Initialize@4              0041dd8a f   Atmcd32m:ATMCD32D.DLL
 0001:0001cd90       _ShutDown@0                0041dd90 f   Atmcd32m:ATMCD32D.DLL
 0001:0001cd96       _GetTemperature@4          0041dd96 f   Atmcd32m:ATMCD32D.DLL
 0001:0001cd9c       _CoolerOFF@0               0041dd9c f   Atmcd32m:ATMCD32D.DLL
 0001:0001cda2       _SetEMCCDGain@4            0041dda2 f   Atmcd32m:ATMCD32D.DLL
 0001:0001cda8       _SetNumberKinetics@4       0041dda8 f   Atmcd32m:ATMCD32D.DLL
 0001:0001cdae       _SetOutputAmplifier@4      0041ddae f   Atmcd32m:ATMCD32D.DLL
 0001:0001cdb4       _SetEMAdvanced@4           0041ddb4 f   Atmcd32m:ATMCD32D.DLL
 0001:0001cdba       _GetDetector@8             0041ddba f   Atmcd32m:ATMCD32D.DLL
 0001:0001cdc0       _CoolerON@0                0041ddc0 f   Atmcd32m:ATMCD32D.DLL
 0001:0001cdc6       _SetTemperature@4          0041ddc6 f   Atmcd32m:ATMCD32D.DLL
 0001:0001cdcc       _GetAcquiredData16@8       0041ddcc f   Atmcd32m:ATMCD32D.DLL
 0001:0001cdd2       _GetStatus@4               0041ddd2 f   Atmcd32m:ATMCD32D.DLL
 0001:0001cdd8       _StartAcquisition@0        0041ddd8 f   Atmcd32m:ATMCD32D.DLL
 0001:0001cdde       _SetImage@24               0041ddde f   Atmcd32m:ATMCD32D.DLL
 0001:0001cde4       _SetShutter@16             0041dde4 f   Atmcd32m:ATMCD32D.DLL
 0001:0001cdea       _SetTriggerMode@4          0041ddea f   Atmcd32m:ATMCD32D.DLL
 0001:0001cdf0       _SetExposureTime@4         0041ddf0 f   Atmcd32m:ATMCD32D.DLL
 0001:0001cdf6       _SetAcquisitionMode@4      0041ddf6 f   Atmcd32m:ATMCD32D.DLL
 0001:0001cdfc       _SetReadMode@4             0041ddfc f   Atmcd32m:ATMCD32D.DLL
 0001:0001ce02       _SetKineticCycleTime@4     0041de02 f   Atmcd32m:ATMCD32D.DLL
 0001:0001ce08       _SetAccumulationCycleTime@4 0041de08 f   Atmcd32m:ATMCD32D.DLL
 0001:0001ce0e       _SetNumberAccumulations@4  0041de0e f   Atmcd32m:ATMCD32D.DLL
 0001:0001ce14       _SetFrameTransferMode@4    0041de14 f   Atmcd32m:ATMCD32D.DLL
 0001:0001ce1a       _SetFastExtTrigger@4       0041de1a f   Atmcd32m:ATMCD32D.DLL
 0001:0001ce20       _AbortAcquisition@0        0041de20 f   Atmcd32m:ATMCD32D.DLL
 0001:0001ce26       _SetEMGainMode@4           0041de26 f   Atmcd32m:ATMCD32D.DLL
 0001:0001ce2c       _SetVSSpeed@4              0041de2c f   Atmcd32m:ATMCD32D.DLL
 0001:0001ce32       _SetPreAmpGain@4           0041de32 f   Atmcd32m:ATMCD32D.DLL
 0001:0001ce38       _SetHSSpeed@8              0041de38 f   Atmcd32m:ATMCD32D.DLL
 0001:0001ce3e       _SetADChannel@4            0041de3e f   Atmcd32m:ATMCD32D.DLL
 0001:0001ce44       _GetImages16@24            0041de44 f   Atmcd32m:ATMCD32D.DLL
 0001:0001ce4a       _GetNumberNewImages@8      0041de4a f   Atmcd32m:ATMCD32D.DLL
 0001:0001ce50       _slevmar_der               0041de50 f   levmar:lm.obj
 0001:0001e010       _slevmar_dif               0041f010 f   levmar:lm.obj
 0001:0001f530       _dlevmar_der               00420530 f   levmar:lm.obj
 0001:00020630       _dlevmar_dif               00421630 f   levmar:lm.obj
 0001:00021ab0       _slevmar_trans_mat_mat_mult 00422ab0 f   levmar:misc.obj
 0001:00021b00       _slevmar_fdif_forw_jac_approx 00422b00 f   levmar:misc.obj
 0001:00021d00       _slevmar_fdif_cent_jac_approx 00422d00 f   levmar:misc.obj
 0001:00021f20       _slevmar_chkjac            00422f20 f   levmar:misc.obj
 0001:00022680       _slevmar_covar             00423680 f   levmar:misc.obj
 0001:00022720       _slevmar_stddev            00423720 f   levmar:misc.obj
 0001:00022740       _slevmar_corcoef           00423740 f   levmar:misc.obj
 0001:00022790       _slevmar_R2                00423790 f   levmar:misc.obj
 0001:000228e0       _slevmar_box_check         004238e0 f   levmar:misc.obj
 0001:00022930       _slevmar_chol              00423930 f   levmar:misc.obj
 0001:00022a40       _slevmar_L2nrmxmy          00423a40 f   levmar:misc.obj
 0001:00022ee0       _dlevmar_trans_mat_mat_mult 00423ee0 f   levmar:misc.obj
 0001:00022f30       _dlevmar_fdif_forw_jac_approx 00423f30 f   levmar:misc.obj
 0001:00023110       _dlevmar_fdif_cent_jac_approx 00424110 f   levmar:misc.obj
 0001:00023320       _dlevmar_chkjac            00424320 f   levmar:misc.obj
 0001:000239c0       _dlevmar_covar             004249c0 f   levmar:misc.obj
 0001:00023a60       _dlevmar_stddev            00424a60 f   levmar:misc.obj
 0001:00023a80       _dlevmar_corcoef           00424a80 f   levmar:misc.obj
 0001:00023ac0       _dlevmar_R2                00424ac0 f   levmar:misc.obj
 0001:00023bd0       _dlevmar_box_check         00424bd0 f   levmar:misc.obj
 0001:00023c20       _dlevmar_chol              00424c20 f   levmar:misc.obj
 0001:00023d40       _dlevmar_L2nrmxmy          00424d40 f   levmar:misc.obj
 0001:00024070       _dAx_eq_b_QR               00425070 f   levmar:Axb.obj
 0001:00024340       _dAx_eq_b_QRLS             00425340 f   levmar:Axb.obj
 0001:00024740       _dAx_eq_b_Chol             00425740 f   levmar:Axb.obj
 0001:000248c0       _dAx_eq_b_LU               004258c0 f   levmar:Axb.obj
 0001:00024a80       _dAx_eq_b_SVD              00425a80 f   levmar:Axb.obj
 0001:00024d80       _dAx_eq_b_BK               00425d80 f   levmar:Axb.obj
 0001:00024f90       _sAx_eq_b_QR               00425f90 f   levmar:Axb.obj
 0001:00025260       _sAx_eq_b_QRLS             00426260 f   levmar:Axb.obj
 0001:00025660       _sAx_eq_b_Chol             00426660 f   levmar:Axb.obj
 0001:000257e0       _sAx_eq_b_LU               004267e0 f   levmar:Axb.obj
 0001:000259b0       _sAx_eq_b_SVD              004269b0 f   levmar:Axb.obj
 0001:00025cc0       _sAx_eq_b_BK               00426cc0 f   levmar:Axb.obj
 0001:00025ec6       ??3@YAXPAX@Z               00426ec6 f   mfc90d:mfc90d.dll
 0001:00025ecc       ??3CObject@@SGXPAX@Z       00426ecc f   mfc90d:mfc90d.dll
 0001:00025ed2       ??2CObject@@SGPAXI@Z       00426ed2 f   mfc90d:mfc90d.dll
 0001:00025ed8       ??0CWnd@@QAE@XZ            00426ed8 f   mfc90d:mfc90d.dll
 0001:00025ede       ?Serialize@CObject@@UAEXAAVCArchive@@@Z 00426ede f   mfc90d:mfc90d.dll
 0001:00025ee4       ?AssertValid@CWnd@@UBEXXZ  00426ee4 f   mfc90d:mfc90d.dll
 0001:00025eea       ?Dump@CWnd@@UBEXAAVCDumpContext@@@Z 00426eea f   mfc90d:mfc90d.dll
 0001:00025ef0       ?OnCmdMsg@CCmdTarget@@UAEHIHPAXPAUAFX_CMDHANDLERINFO@@@Z 00426ef0 f   mfc90d:mfc90d.dll
 0001:00025ef6       ?OnFinalRelease@CWnd@@UAEXXZ 00426ef6 f   mfc90d:mfc90d.dll
 0001:00025efc       ?IsInvokeAllowed@CCmdTarget@@UAEHJ@Z 00426efc f   mfc90d:mfc90d.dll
 0001:00025f02       ?GetDispatchIID@CCmdTarget@@UAEHPAU_GUID@@@Z 00426f02 f   mfc90d:mfc90d.dll
 0001:00025f08       ?GetTypeInfoCount@CCmdTarget@@UAEIXZ 00426f08 f   mfc90d:mfc90d.dll
 0001:00025f0e       ?GetTypeLibCache@CCmdTarget@@UAEPAVCTypeLibCache@@XZ 00426f0e f   mfc90d:mfc90d.dll
 0001:00025f14       ?GetTypeLib@CCmdTarget@@UAEJKPAPAUITypeLib@@@Z 00426f14 f   mfc90d:mfc90d.dll
 0001:00025f1a       ?GetMessageMap@CWnd@@MBEPBUAFX_MSGMAP@@XZ 00426f1a f   mfc90d:mfc90d.dll
 0001:00025f20       ?GetCommandMap@CCmdTarget@@MBEPBUAFX_OLECMDMAP@@XZ 00426f20 f   mfc90d:mfc90d.dll
 0001:00025f26       ?GetDispatchMap@CCmdTarget@@MBEPBUAFX_DISPMAP@@XZ 00426f26 f   mfc90d:mfc90d.dll
 0001:00025f2c       ?GetConnectionMap@CCmdTarget@@MBEPBUAFX_CONNECTIONMAP@@XZ 00426f2c f   mfc90d:mfc90d.dll
 0001:00025f32       ?GetInterfaceMap@CWnd@@MBEPBUAFX_INTERFACEMAP@@XZ 00426f32 f   mfc90d:mfc90d.dll
 0001:00025f38       ?GetEventSinkMap@CCmdTarget@@MBEPBUAFX_EVENTSINKMAP@@XZ 00426f38 f   mfc90d:mfc90d.dll
 0001:00025f3e       ?OnCreateAggregates@CCmdTarget@@UAEHXZ 00426f3e f   mfc90d:mfc90d.dll
 0001:00025f44       ?GetInterfaceHook@CCmdTarget@@UAEPAUIUnknown@@PBX@Z 00426f44 f   mfc90d:mfc90d.dll
 0001:00025f4a       ?GetExtraConnectionPoints@CCmdTarget@@MAEHPAVCPtrArray@@@Z 00426f4a f   mfc90d:mfc90d.dll
 0001:00025f50       ?GetConnectionHook@CCmdTarget@@MAEPAUIConnectionPoint@@ABU_GUID@@@Z 00426f50 f   mfc90d:mfc90d.dll
 0001:00025f56       ?PreSubclassWindow@CWnd@@UAEXXZ 00426f56 f   mfc90d:mfc90d.dll
 0001:00025f5c       ?CreateEx@CWnd@@UAEHKPBD0KABUtagRECT@@PAV1@IPAX@Z 00426f5c f   mfc90d:mfc90d.dll
 0001:00025f62       ?CreateEx@CWnd@@UAEHKPBD0KHHHHPAUHWND__@@PAUHMENU__@@PAX@Z 00426f62 f   mfc90d:mfc90d.dll
 0001:00025f68       ?DestroyWindow@CWnd@@UAEHXZ 00426f68 f   mfc90d:mfc90d.dll
 0001:00025f6e       ?PreCreateWindow@CWnd@@UAEHAAUtagCREATESTRUCTA@@@Z 00426f6e f   mfc90d:mfc90d.dll
 0001:00025f74       ?CalcWindowRect@CWnd@@UAEXPAUtagRECT@@I@Z 00426f74 f   mfc90d:mfc90d.dll
 0001:00025f7a       ?GetMenu@CWnd@@UBEPAVCMenu@@XZ 00426f7a f   mfc90d:mfc90d.dll
 0001:00025f80       ?SetMenu@CWnd@@UAEHPAVCMenu@@@Z 00426f80 f   mfc90d:mfc90d.dll
 0001:00025f86       ?OnToolHitTest@CWnd@@UBEHVCPoint@@PAUtagTOOLINFOA@@@Z 00426f86 f   mfc90d:mfc90d.dll
 0001:00025f8c       ?GetScrollBarCtrl@CWnd@@UBEPAVCScrollBar@@H@Z 00426f8c f   mfc90d:mfc90d.dll
 0001:00025f92       ?WinHelpA@CWnd@@UAEXKI@Z   00426f92 f   mfc90d:mfc90d.dll
 0001:00025f98       ?HtmlHelpA@CWnd@@UAEXKI@Z  00426f98 f   mfc90d:mfc90d.dll
 0001:00025f9e       ?WinHelpInternal@CWnd@@UAEXKI@Z 00426f9e f   mfc90d:mfc90d.dll
 0001:00025fa4       ?ContinueModal@CWnd@@UAEHXZ 00426fa4 f   mfc90d:mfc90d.dll
 0001:00025faa       ?EndModalLoop@CWnd@@UAEXH@Z 00426faa f   mfc90d:mfc90d.dll
 0001:00025fb0       ?EnsureStdObj@CWnd@@UAEJXZ 00426fb0 f   mfc90d:mfc90d.dll
 0001:00025fb6       ?get_accParent@CWnd@@UAEJPAPAUIDispatch@@@Z 00426fb6 f   mfc90d:mfc90d.dll
 0001:00025fbc       ?get_accChildCount@CWnd@@UAEJPAJ@Z 00426fbc f   mfc90d:mfc90d.dll
 0001:00025fc2       ?get_accChild@CWnd@@UAEJUtagVARIANT@@PAPAUIDispatch@@@Z 00426fc2 f   mfc90d:mfc90d.dll
 0001:00025fc8       ?get_accName@CWnd@@UAEJUtagVARIANT@@PAPA_W@Z 00426fc8 f   mfc90d:mfc90d.dll
 0001:00025fce       ?get_accValue@CWnd@@UAEJUtagVARIANT@@PAPA_W@Z 00426fce f   mfc90d:mfc90d.dll
 0001:00025fd4       ?get_accDescription@CWnd@@UAEJUtagVARIANT@@PAPA_W@Z 00426fd4 f   mfc90d:mfc90d.dll
 0001:00025fda       ?get_accRole@CWnd@@UAEJUtagVARIANT@@PAU2@@Z 00426fda f   mfc90d:mfc90d.dll
 0001:00025fe0       ?get_accState@CWnd@@UAEJUtagVARIANT@@PAU2@@Z 00426fe0 f   mfc90d:mfc90d.dll
 0001:00025fe6       ?get_accHelp@CWnd@@UAEJUtagVARIANT@@PAPA_W@Z 00426fe6 f   mfc90d:mfc90d.dll
 0001:00025fec       ?get_accHelpTopic@CWnd@@UAEJPAPA_WUtagVARIANT@@PAJ@Z 00426fec f   mfc90d:mfc90d.dll
 0001:00025ff2       ?get_accKeyboardShortcut@CWnd@@UAEJUtagVARIANT@@PAPA_W@Z 00426ff2 f   mfc90d:mfc90d.dll
 0001:00025ff8       ?get_accFocus@CWnd@@UAEJPAUtagVARIANT@@@Z 00426ff8 f   mfc90d:mfc90d.dll
 0001:00025ffe       ?get_accSelection@CWnd@@UAEJPAUtagVARIANT@@@Z 00426ffe f   mfc90d:mfc90d.dll
 0001:00026004       ?get_accDefaultAction@CWnd@@UAEJUtagVARIANT@@PAPA_W@Z 00427004 f   mfc90d:mfc90d.dll
 0001:0002600a       ?accSelect@CWnd@@UAEJJUtagVARIANT@@@Z 0042700a f   mfc90d:mfc90d.dll
 0001:00026010       ?accLocation@CWnd@@UAEJPAJ000UtagVARIANT@@@Z 00427010 f   mfc90d:mfc90d.dll
 0001:00026016       ?accNavigate@CWnd@@UAEJJUtagVARIANT@@PAU2@@Z 00427016 f   mfc90d:mfc90d.dll
 0001:0002601c       ?accHitTest@CWnd@@UAEJJJPAUtagVARIANT@@@Z 0042701c f   mfc90d:mfc90d.dll
 0001:00026022       ?accDoDefaultAction@CWnd@@UAEJUtagVARIANT@@@Z 00427022 f   mfc90d:mfc90d.dll
 0001:00026028       ?put_accName@CWnd@@UAEJUtagVARIANT@@PA_W@Z 00427028 f   mfc90d:mfc90d.dll
 0001:0002602e       ?put_accValue@CWnd@@UAEJUtagVARIANT@@PA_W@Z 0042702e f   mfc90d:mfc90d.dll
 0001:00026034       ?SetProxy@CWnd@@UAEJPAUIAccessibleProxy@@@Z 00427034 f   mfc90d:mfc90d.dll
 0001:0002603a       ?CreateAccessibleProxy@CWnd@@UAEJIJPAJ@Z 0042703a f   mfc90d:mfc90d.dll
 0001:00026040       ?OnCommand@CWnd@@MAEHIJ@Z  00427040 f   mfc90d:mfc90d.dll
 0001:00026046       ?OnNotify@CWnd@@MAEHIJPAJ@Z 00427046 f   mfc90d:mfc90d.dll
 0001:0002604c       ?GetSuperWndProcAddr@CWnd@@MAEPAP6GJPAUHWND__@@IIJ@ZXZ 0042704c f   mfc90d:mfc90d.dll
 0001:00026052       ?DoDataExchange@CWnd@@MAEXPAVCDataExchange@@@Z 00427052 f   mfc90d:mfc90d.dll
 0001:00026058       ?BeginModalState@CWnd@@UAEXXZ 00427058 f   mfc90d:mfc90d.dll
 0001:0002605e       ?EndModalState@CWnd@@UAEXXZ 0042705e f   mfc90d:mfc90d.dll
 0001:00026064       ?PreTranslateMessage@CWnd@@UAEHPAUtagMSG@@@Z 00427064 f   mfc90d:mfc90d.dll
 0001:0002606a       ?OnAmbientProperty@CWnd@@UAEHPAVCOleControlSite@@JPAUtagVARIANT@@@Z 0042706a f   mfc90d:mfc90d.dll
 0001:00026070       ?WindowProc@CWnd@@MAEJIIJ@Z 00427070 f   mfc90d:mfc90d.dll
 0001:00026076       ?OnWndMsg@CWnd@@MAEHIIJPAJ@Z 00427076 f   mfc90d:mfc90d.dll
 0001:0002607c       ?DefWindowProcA@CWnd@@MAEJIIJ@Z 0042707c f   mfc90d:mfc90d.dll
 0001:00026082       ?PostNcDestroy@CWnd@@MAEXXZ 00427082 f   mfc90d:mfc90d.dll
 0001:00026088       ?OnChildNotify@CWnd@@MAEHIIJPAJ@Z 00427088 f   mfc90d:mfc90d.dll
 0001:0002608e       ?CheckAutoCenter@CWnd@@UAEHXZ 0042708e f   mfc90d:mfc90d.dll
 0001:00026094       ?IsFrameWnd@CWnd@@UBEHXZ   00427094 f   mfc90d:mfc90d.dll
 0001:0002609a       ?CreateControlContainer@CWnd@@MAEHPAPAVCOleControlContainer@@@Z 0042709a f   mfc90d:mfc90d.dll
 0001:000260a0       ?CreateControlSite@CWnd@@MAEHPAVCOleControlContainer@@PAPAVCOleControlSite@@IABU_GUID@@@Z 004270a0 f   mfc90d:mfc90d.dll
 0001:000260a6       ?SetOccDialogInfo@CWnd@@MAEHPAU_AFX_OCC_DIALOG_INFO@@@Z 004270a6 f   mfc90d:mfc90d.dll
 0001:000260ac       ?GetOccDialogInfo@CWnd@@MAEPAU_AFX_OCC_DIALOG_INFO@@XZ 004270ac f   mfc90d:mfc90d.dll
 0001:000260b2       ?CreateControl@CWnd@@QAEHABU_GUID@@PBDKABUtagRECT@@PAV1@IPAVCFile@@HPA_W@Z 004270b2 f   mfc90d:mfc90d.dll
 0001:000260b8       ??1CWnd@@UAE@XZ            004270b8 f   mfc90d:mfc90d.dll
 0001:000260be       ?GetThisClass@CWnd@@SGPAUCRuntimeClass@@XZ 004270be f   mfc90d:mfc90d.dll
 0001:000260c4       ??0?$CStringT@DV?$StrTraitMFC_DLL@DV?$ChTraitsCRT@D@ATL@@@@@ATL@@QAE@XZ 004270c4 f   mfc90d:mfc90d.dll
 0001:000260ca       ??1?$CStringT@DV?$StrTraitMFC_DLL@DV?$ChTraitsCRT@D@ATL@@@@@ATL@@QAE@XZ 004270ca f   mfc90d:mfc90d.dll
 0001:000260d0       ??B?$CSimpleStringT@D$00@ATL@@QBEPBDXZ 004270d0 f   mfc90d:mfc90d.dll
 0001:000260d6       ?GetThisClass@CDialog@@SGPAUCRuntimeClass@@XZ 004270d6 f   mfc90d:mfc90d.dll
 0001:000260dc       ??0CDialog@@QAE@IPAVCWnd@@@Z 004270dc f   mfc90d:mfc90d.dll
 0001:000260e2       ?AssertValid@CDialog@@UBEXXZ 004270e2 f   mfc90d:mfc90d.dll
 0001:000260e8       ?Dump@CDialog@@UBEXAAVCDumpContext@@@Z 004270e8 f   mfc90d:mfc90d.dll
 0001:000260ee       ?OnCmdMsg@CDialog@@UAEHIHPAXPAUAFX_CMDHANDLERINFO@@@Z 004270ee f   mfc90d:mfc90d.dll
 0001:000260f4       ?Create@CWnd@@UAEHPBD0KABUtagRECT@@PAV1@IPAUCCreateContext@@@Z 004270f4 f   mfc90d:mfc90d.dll
 0001:000260fa       ?PreTranslateMessage@CDialog@@UAEHPAUtagMSG@@@Z 004270fa f   mfc90d:mfc90d.dll
 0001:00026100       ?CheckAutoCenter@CDialog@@UAEHXZ 00427100 f   mfc90d:mfc90d.dll
 0001:00026106       ?SetOccDialogInfo@CDialog@@MAEHPAU_AFX_OCC_DIALOG_INFO@@@Z 00427106 f   mfc90d:mfc90d.dll
 0001:0002610c       ?GetOccDialogInfo@CDialog@@MAEPAU_AFX_OCC_DIALOG_INFO@@XZ 0042710c f   mfc90d:mfc90d.dll
 0001:00026112       ?Create@CDialog@@UAEHIPAVCWnd@@@Z 00427112 f   mfc90d:mfc90d.dll
 0001:00026118       ?Create@CDialog@@UAEHPBDPAVCWnd@@@Z 00427118 f   mfc90d:mfc90d.dll
 0001:0002611e       ?CreateIndirect@CDialog@@UAEHPAXPAVCWnd@@@Z 0042711e f   mfc90d:mfc90d.dll
 0001:00026124       ?CreateIndirect@CDialog@@UAEHPBUDLGTEMPLATE@@PAVCWnd@@PAX@Z 00427124 f   mfc90d:mfc90d.dll
 0001:0002612a       ?DoModal@CDialog@@UAEHXZ   0042712a f   mfc90d:mfc90d.dll
 0001:00026130       ?OnInitDialog@CDialog@@UAEHXZ 00427130 f   mfc90d:mfc90d.dll
 0001:00026136       ?OnSetFont@CDialog@@UAEXPAVCFont@@@Z 00427136 f   mfc90d:mfc90d.dll
 0001:0002613c       ?OnOK@CDialog@@MAEXXZ      0042713c f   mfc90d:mfc90d.dll
 0001:00026142       ?OnCancel@CDialog@@MAEXXZ  00427142 f   mfc90d:mfc90d.dll
 0001:00026148       ?PreInitDialog@CDialog@@MAEXXZ 00427148 f   mfc90d:mfc90d.dll
 0001:0002614e       ??1CDialog@@UAE@XZ         0042714e f   mfc90d:mfc90d.dll
 0001:00026154       ?GetThisMessageMap@CDialog@@KGPBUAFX_MSGMAP@@XZ 00427154 f   mfc90d:mfc90d.dll
 0001:0002615a       ?GetThisClass@CFrameWnd@@SGPAUCRuntimeClass@@XZ 0042715a f   mfc90d:mfc90d.dll
 0001:00026160       ??0CFrameWnd@@QAE@XZ       00427160 f   mfc90d:mfc90d.dll
 0001:00026166       ?AssertValid@CFrameWnd@@UBEXXZ 00427166 f   mfc90d:mfc90d.dll
 0001:0002616c       ?Dump@CFrameWnd@@UBEXAAVCDumpContext@@@Z 0042716c f   mfc90d:mfc90d.dll
 0001:00026172       ?OnCmdMsg@CFrameWnd@@UAEHIHPAXPAUAFX_CMDHANDLERINFO@@@Z 00427172 f   mfc90d:mfc90d.dll
 0001:00026178       ?GetMessageMap@CFrameWnd@@MBEPBUAFX_MSGMAP@@XZ 00427178 f   mfc90d:mfc90d.dll
 0001:0002617e       ?GetMenu@CFrameWnd@@UBEPAVCMenu@@XZ 0042717e f   mfc90d:mfc90d.dll
 0001:00026184       ?SetMenu@CFrameWnd@@UAEHPAVCMenu@@@Z 00427184 f   mfc90d:mfc90d.dll
 0001:0002618a       ?OnCommand@CFrameWnd@@MAEHIJ@Z 0042718a f   mfc90d:mfc90d.dll
 0001:00026190       ?BeginModalState@CFrameWnd@@UAEXXZ 00427190 f   mfc90d:mfc90d.dll
 0001:00026196       ?EndModalState@CFrameWnd@@UAEXXZ 00427196 f   mfc90d:mfc90d.dll
 0001:0002619c       ?PreTranslateMessage@CFrameWnd@@UAEHPAUtagMSG@@@Z 0042719c f   mfc90d:mfc90d.dll
 0001:000261a2       ?PostNcDestroy@CFrameWnd@@MAEXXZ 004271a2 f   mfc90d:mfc90d.dll
 0001:000261a8       ?IsFrameWnd@CFrameWnd@@UBEHXZ 004271a8 f   mfc90d:mfc90d.dll
 0001:000261ae       ?Create@CFrameWnd@@UAEHPBD0KABUtagRECT@@PAVCWnd@@0KPAUCCreateContext@@@Z 004271ae f   mfc90d:mfc90d.dll
 0001:000261b4       ?LoadFrame@CFrameWnd@@UAEHIKPAVCWnd@@PAUCCreateContext@@@Z 004271b4 f   mfc90d:mfc90d.dll
 0001:000261ba       ?GetActiveDocument@CFrameWnd@@UAEPAVCDocument@@XZ 004271ba f   mfc90d:mfc90d.dll
 0001:000261c0       ?GetActiveFrame@CFrameWnd@@UAEPAV1@XZ 004271c0 f   mfc90d:mfc90d.dll
 0001:000261c6       ?GetMessageString@CFrameWnd@@UBEXIAAV?$CStringT@DV?$StrTraitMFC_DLL@DV?$ChTraitsCRT@D@ATL@@@@@ATL@@@Z 004271c6 f   mfc90d:mfc90d.dll
 0001:000261cc       ?RecalcLayout@CFrameWnd@@UAEXH@Z 004271cc f   mfc90d:mfc90d.dll
 0001:000261d2       ?ActivateFrame@CFrameWnd@@UAEXH@Z 004271d2 f   mfc90d:mfc90d.dll
 0001:000261d8       ?SetMenuBarVisibility@CFrameWnd@@UAEXK@Z 004271d8 f   mfc90d:mfc90d.dll
 0001:000261de       ?GetMenuBarVisibility@CFrameWnd@@UBEKXZ 004271de f   mfc90d:mfc90d.dll
 0001:000261e4       ?SetMenuBarState@CFrameWnd@@UAEHK@Z 004271e4 f   mfc90d:mfc90d.dll
 0001:000261ea       ?GetMenuBarState@CFrameWnd@@UBEKXZ 004271ea f   mfc90d:mfc90d.dll
 0001:000261f0       ?OnSetPreviewMode@CFrameWnd@@UAEXHPAUCPrintPreviewState@@@Z 004271f0 f   mfc90d:mfc90d.dll
 0001:000261f6       ?GetMessageBar@CFrameWnd@@UAEPAVCWnd@@XZ 004271f6 f   mfc90d:mfc90d.dll
 0001:000261fc       ?NegotiateBorderSpace@CFrameWnd@@UAEHIPAUtagRECT@@@Z 004271fc f   mfc90d:mfc90d.dll
 0001:00026202       ?OnCreateClient@CFrameWnd@@MAEHPAUtagCREATESTRUCTA@@PAUCCreateContext@@@Z 00427202 f   mfc90d:mfc90d.dll
 0001:00026208       ?OnUpdateFrameTitle@CFrameWnd@@UAEXH@Z 00427208 f   mfc90d:mfc90d.dll
 0001:0002620e       ?OnUpdateFrameMenu@CFrameWnd@@UAEXPAUHMENU__@@@Z 0042720e f   mfc90d:mfc90d.dll
 0001:00026214       ?GetDefaultAccelerator@CFrameWnd@@UAEPAUHACCEL__@@XZ 00427214 f   mfc90d:mfc90d.dll
 0001:0002621a       ?DelayUpdateFrameMenu@CFrameWnd@@UAEXPAUHMENU__@@@Z 0042721a f   mfc90d:mfc90d.dll
 0001:00026220       ?ExitHelpMode@CFrameWnd@@UAEXXZ 00427220 f   mfc90d:mfc90d.dll
 0001:00026226       ?OnShowMenuBar@CFrameWnd@@MAEXXZ 00427226 f   mfc90d:mfc90d.dll
 0001:0002622c       ?OnHideMenuBar@CFrameWnd@@MAEXXZ 0042722c f   mfc90d:mfc90d.dll
 0001:00026232       ??1CFrameWnd@@UAE@XZ       00427232 f   mfc90d:mfc90d.dll
 0001:00026238       ?PreCreateWindow@CFrameWnd@@MAEHAAUtagCREATESTRUCTA@@@Z 00427238 f   mfc90d:mfc90d.dll
 0001:0002623e       ??0CWinApp@@QAE@PBD@Z      0042723e f   mfc90d:mfc90d.dll
 0001:00026244       ?GetRuntimeClass@CWinApp@@UBEPAUCRuntimeClass@@XZ 00427244 f   mfc90d:mfc90d.dll
 0001:0002624a       ?AssertValid@CWinApp@@UBEXXZ 0042724a f   mfc90d:mfc90d.dll
 0001:00026250       ?Dump@CWinApp@@UBEXAAVCDumpContext@@@Z 00427250 f   mfc90d:mfc90d.dll
 0001:00026256       ?OnFinalRelease@CCmdTarget@@UAEXXZ 00427256 f   mfc90d:mfc90d.dll
 0001:0002625c       ?GetMessageMap@CWinApp@@MBEPBUAFX_MSGMAP@@XZ 0042725c f   mfc90d:mfc90d.dll
 0001:00026262       ?GetInterfaceMap@CCmdTarget@@MBEPBUAFX_INTERFACEMAP@@XZ 00427262 f   mfc90d:mfc90d.dll
 0001:00026268       ?Run@CWinApp@@UAEHXZ       00427268 f   mfc90d:mfc90d.dll
 0001:0002626e       ?PreTranslateMessage@CWinThread@@UAEHPAUtagMSG@@@Z 0042726e f   mfc90d:mfc90d.dll
 0001:00026274       ?PumpMessage@CWinThread@@UAEHXZ 00427274 f   mfc90d:mfc90d.dll
 0001:0002627a       ?OnIdle@CWinApp@@UAEHJ@Z   0042727a f   mfc90d:mfc90d.dll
 0001:00026280       ?IsIdleMessage@CWinThread@@UAEHPAUtagMSG@@@Z 00427280 f   mfc90d:mfc90d.dll
 0001:00026286       ?ProcessWndProcException@CWinApp@@UAEJPAVCException@@PBUtagMSG@@@Z 00427286 f   mfc90d:mfc90d.dll
 0001:0002628c       ?ProcessMessageFilter@CWinThread@@UAEHHPAUtagMSG@@@Z 0042728c f   mfc90d:mfc90d.dll
 0001:00026292       ?GetMainWnd@CWinThread@@UAEPAVCWnd@@XZ 00427292 f   mfc90d:mfc90d.dll
 0001:00026298       ?Delete@CWinThread@@UAEXXZ 00427298 f   mfc90d:mfc90d.dll
 0001:0002629e       ?InitLibId@CWinApp@@UAEXXZ 0042729e f   mfc90d:mfc90d.dll
 0001:000262a4       ?Register@CWinApp@@UAEHXZ  004272a4 f   mfc90d:mfc90d.dll
 0001:000262aa       ?Unregister@CWinApp@@UAEHXZ 004272aa f   mfc90d:mfc90d.dll
 0001:000262b0       ?OpenDocumentFile@CWinApp@@UAEPAVCDocument@@PBD@Z 004272b0 f   mfc90d:mfc90d.dll
 0001:000262b6       ?AddToRecentFileList@CWinApp@@UAEXPBD@Z 004272b6 f   mfc90d:mfc90d.dll
 0001:000262bc       ?InitApplication@CWinApp@@UAEHXZ 004272bc f   mfc90d:mfc90d.dll
 0001:000262c2       ?SaveAllModified@CWinApp@@UAEHXZ 004272c2 f   mfc90d:mfc90d.dll
 0001:000262c8       ?DoMessageBox@CWinApp@@UAEHPBDII@Z 004272c8 f   mfc90d:mfc90d.dll
 0001:000262ce       ?DoWaitCursor@CWinApp@@UAEXH@Z 004272ce f   mfc90d:mfc90d.dll
 0001:000262d4       ?OnDDECommand@CWinApp@@UAEHPAD@Z 004272d4 f   mfc90d:mfc90d.dll
 0001:000262da       ?WinHelpA@CWinApp@@UAEXKI@Z 004272da f   mfc90d:mfc90d.dll
 0001:000262e0       ?HtmlHelpA@CWinApp@@UAEXKI@Z 004272e0 f   mfc90d:mfc90d.dll
 0001:000262e6       ?WinHelpInternal@CWinApp@@UAEXKI@Z 004272e6 f   mfc90d:mfc90d.dll
 0001:000262ec       ?LoadAppLangResourceDLL@CWinApp@@UAEPAUHINSTANCE__@@XZ 004272ec f   mfc90d:mfc90d.dll
 0001:000262f2       ?LoadSysPolicies@CWinApp@@UAEHXZ 004272f2 f   mfc90d:mfc90d.dll
 0001:000262f8       ??1CWinApp@@UAE@XZ         004272f8 f   mfc90d:mfc90d.dll
 0001:000262fe       ??1CCommandLineInfo@@UAE@XZ 004272fe f   mfc90d:mfc90d.dll
 0001:00026304       ?ProcessShellCommand@CWinApp@@QAEHAAVCCommandLineInfo@@@Z 00427304 f   mfc90d:mfc90d.dll
 0001:0002630a       ?ParseCommandLine@CWinApp@@QAEXAAVCCommandLineInfo@@@Z 0042730a f   mfc90d:mfc90d.dll
 0001:00026310       ??0CCommandLineInfo@@QAE@XZ 00427310 f   mfc90d:mfc90d.dll
 0001:00026316       ?AddDocTemplate@CWinApp@@QAEXPAVCDocTemplate@@@Z 00427316 f   mfc90d:mfc90d.dll
 0001:0002631c       ??0CSingleDocTemplate@@QAE@IPAUCRuntimeClass@@00@Z 0042731c f   mfc90d:mfc90d.dll
 0001:00026322       ?LoadStdProfileSettings@CWinApp@@IAEXI@Z 00427322 f   mfc90d:mfc90d.dll
 0001:00026328       ?AfxEnableControlContainer@@YAXPAVCOccManager@@@Z 00427328 f   mfc90d:mfc90d.dll
 0001:0002632e       ?ExitInstance@CWinApp@@UAEHXZ 0042732e f   mfc90d:mfc90d.dll
 0001:00026334       ??1CSliderCtrl@@UAE@XZ     00427334 f   mfc90d:mfc90d.dll
 0001:0002633a       ?ShowWindow@CWnd@@QAEHH@Z  0042733a f   mfc90d:mfc90d.dll
 0001:00026340       ??0CSliderCtrl@@QAE@XZ     00427340 f   mfc90d:mfc90d.dll
 0001:00026346       ?GetRuntimeClass@CDialog@@UBEPAUCRuntimeClass@@XZ 00427346 f   mfc90d:mfc90d.dll
 0001:0002634c       ?DDX_Check@@YGXPAVCDataExchange@@HAAH@Z 0042734c f   mfc90d:mfc90d.dll
 0001:00026352       ?DDX_Slider@@YGXPAVCDataExchange@@HAAH@Z 00427352 f   mfc90d:mfc90d.dll
 0001:00026358       ?DDV_MinMaxInt@@YGXPAVCDataExchange@@HHH@Z 00427358 f   mfc90d:mfc90d.dll
 0001:0002635e       ?DDX_Text@@YGXPAVCDataExchange@@HAAH@Z 0042735e f   mfc90d:mfc90d.dll
 0001:00026364       ?OnTimer@CWnd@@IAEXI@Z     00427364 f   mfc90d:mfc90d.dll
 0001:0002636a       ?AfxMessageBox@@YGHPBDII@Z 0042736a f   mfc90d:mfc90d.dll
 0001:00026370       ?UpdateData@CWnd@@QAEHH@Z  00427370 f   mfc90d:mfc90d.dll
 0001:00026376       ??1CStatic@@UAE@XZ         00427376 f   mfc90d:mfc90d.dll
 0001:0002637c       ??1CBitmap@@UAE@XZ         0042737c f   mfc90d:mfc90d.dll
 0001:00026382       ??_U@YAPAXI@Z              00427382 f   mfc90d:mfc90d.dll
 0001:00026388       ??0CStatic@@QAE@XZ         00427388 f   mfc90d:mfc90d.dll
 0001:0002638e       ??0CBitmap@@QAE@XZ         0042738e f   mfc90d:mfc90d.dll
 0001:00026394       ?DDX_Control@@YGXPAVCDataExchange@@HAAVCWnd@@@Z 00427394 f   mfc90d:mfc90d.dll
 0001:0002639a       ??_V@YAXPAX@Z              0042739a f   mfc90d:mfc90d.dll
 0001:000263a0       ?DeleteObject@CGdiObject@@QAEHXZ 004273a0 f   mfc90d:mfc90d.dll
 0001:000263a6       ??1CClientDC@@UAE@XZ       004273a6 f   mfc90d:mfc90d.dll
 0001:000263ac       ?GetObjectA@CGdiObject@@QBEHHPAX@Z 004273ac f   mfc90d:mfc90d.dll
 0001:000263b2       ?CreateCompatibleBitmap@CBitmap@@QAEHPAVCDC@@HH@Z 004273b2 f   mfc90d:mfc90d.dll
 0001:000263b8       ??0CClientDC@@QAE@PAVCWnd@@@Z 004273b8 f   mfc90d:mfc90d.dll
 0001:000263be       ?MoveWindow@CWnd@@QAEXHHHHH@Z 004273be f   mfc90d:mfc90d.dll
 0001:000263c4       ??1CDC@@UAE@XZ             004273c4 f   mfc90d:mfc90d.dll
 0001:000263ca       ??1CPen@@UAE@XZ            004273ca f   mfc90d:mfc90d.dll
 0001:000263d0       ?LineTo@CDC@@QAEHHH@Z      004273d0 f   mfc90d:mfc90d.dll
 0001:000263d6       ?MoveTo@CDC@@QAE?AVCPoint@@HH@Z 004273d6 f   mfc90d:mfc90d.dll
 0001:000263dc       ?SelectObject@CDC@@QAEPAVCPen@@PAV2@@Z 004273dc f   mfc90d:mfc90d.dll
 0001:000263e2       ??0CPen@@QAE@HHK@Z         004273e2 f   mfc90d:mfc90d.dll
 0001:000263e8       ?StretchBlt@CDC@@QAEHHHHHPAV1@HHHHK@Z 004273e8 f   mfc90d:mfc90d.dll
 0001:000263ee       ?SetViewportExt@CDC@@UAE?AVCSize@@HH@Z 004273ee f   mfc90d:mfc90d.dll
 0001:000263f4       ?SetViewportOrg@CDC@@UAE?AVCPoint@@HH@Z 004273f4 f   mfc90d:mfc90d.dll
[...]
 0004:00001664       __imp_?OnDropEx@CView@@UAEKPAVCOleDataObject@@KKVCPoint@@@Z 004b9664     mfc90d:mfc90d.dll
 0004:00001668       __imp_?OnDragScroll@CView@@UAEKKVCPoint@@@Z 004b9668     mfc90d:mfc90d.dll
 0004:0000166c       __imp_?OnPrepareDC@CScrollView@@UAEXPAVCDC@@PAUCPrintInfo@@@Z 004b966c     mfc90d:mfc90d.dll
 0004:00001670       __imp_?OnActivateView@CFormView@@MAEXHPAVCView@@0@Z 004b9670     mfc90d:mfc90d.dll
 0004:00001674       __imp_?OnActivateFrame@CFormView@@MAEXIPAVCFrameWnd@@@Z 004b9674     mfc90d:mfc90d.dll
 0004:00001678       __imp_?OnUpdate@CView@@MAEXPAV1@JPAVCObject@@@Z 004b9678     mfc90d:mfc90d.dll
 0004:0000167c       __imp_?OnDraw@CFormView@@MAEXPAVCDC@@@Z 004b967c     mfc90d:mfc90d.dll
 0004:00001680       __imp_?OnPreparePrinting@CView@@MAEHPAUCPrintInfo@@@Z 004b9680     mfc90d:mfc90d.dll
 0004:00001684       __imp_?OnBeginPrinting@CView@@MAEXPAVCDC@@PAUCPrintInfo@@@Z 004b9684     mfc90d:mfc90d.dll
 0004:00001688       __imp_?OnPrint@CView@@MAEXPAVCDC@@PAUCPrintInfo@@@Z 004b9688     mfc90d:mfc90d.dll
 0004:0000168c       __imp_?OnEndPrinting@CView@@MAEXPAVCDC@@PAUCPrintInfo@@@Z 004b968c     mfc90d:mfc90d.dll
 0004:00001690       __imp_?OnEndPrintPreview@CView@@MAEXPAVCDC@@PAUCPrintInfo@@UtagPOINT@@PAVCPreviewView@@@Z 004b9690     mfc90d:mfc90d.dll
 0004:00001694       __imp_?GetWheelScrollDistance@CScrollView@@UAE?AVCSize@@V2@HH@Z 004b9694     mfc90d:mfc90d.dll
 0004:00001698       __imp_?GetAccessibleChild@CWnd@@QAEJUtagVARIANT@@PAPAUIDispatch@@@Z 004b9698     mfc90d:mfc90d.dll
 0004:0000169c       __imp_?GetAccessibleChildCount@CWnd@@QAEJXZ 004b969c     mfc90d:mfc90d.dll
 0004:000016a0       __imp_?GetAccessibleName@CWnd@@QAEJUtagVARIANT@@PAPA_W@Z 004b96a0     mfc90d:mfc90d.dll
 0004:000016a4       __imp_?GetAccessibilityLocation@CWnd@@QAEJUtagVARIANT@@PAJ111@Z 004b96a4     mfc90d:mfc90d.dll
 0004:000016a8       __imp_?GetAccessibilityHitTest@CWnd@@QAEJJJPAUtagVARIANT@@@Z 004b96a8     mfc90d:mfc90d.dll
 0004:000016ac       __imp_?OnInitialUpdate@CFormView@@UAEXXZ 004b96ac     mfc90d:mfc90d.dll
 0004:000016b0       __imp_??1CFormView@@UAE@XZ 004b96b0     mfc90d:mfc90d.dll
 0004:000016b4       __imp_?Unregister@CWinApp@@UAEHXZ 004b96b4     mfc90d:mfc90d.dll
 0004:000016b8       __imp_?Register@CWinApp@@UAEHXZ 004b96b8     mfc90d:mfc90d.dll
 0004:000016bc       __imp_?InitLibId@CWinApp@@UAEXXZ 004b96bc     mfc90d:mfc90d.dll
 0004:000016c0       __imp_?Delete@CWinThread@@UAEXXZ 004b96c0     mfc90d:mfc90d.dll
 0004:000016c4       __imp_?GetMainWnd@CWinThread@@UAEPAVCWnd@@XZ 004b96c4     mfc90d:mfc90d.dll
 0004:000016c8       __imp_?ProcessMessageFilter@CWinThread@@UAEHHPAUtagMSG@@@Z 004b96c8     mfc90d:mfc90d.dll
 0004:000016cc       __imp_?ProcessWndProcException@CWinApp@@UAEJPAVCException@@PBUtagMSG@@@Z 004b96cc     mfc90d:mfc90d.dll
 0004:000016d0       __imp_?IsIdleMessage@CWinThread@@UAEHPAUtagMSG@@@Z 004b96d0     mfc90d:mfc90d.dll
 0004:000016d4       __imp_?OnIdle@CWinApp@@UAEHJ@Z 004b96d4     mfc90d:mfc90d.dll
 0004:000016d8       __imp_?PumpMessage@CWinThread@@UAEHXZ 004b96d8     mfc90d:mfc90d.dll
 0004:000016dc       __imp_?PreTranslateMessage@CWinThread@@UAEHPAUtagMSG@@@Z 004b96dc     mfc90d:mfc90d.dll
 0004:000016e0       __imp_?Run@CWinApp@@UAEHXZ 004b96e0     mfc90d:mfc90d.dll
 0004:000016e4       __imp_?GetInterfaceMap@CCmdTarget@@MBEPBUAFX_INTERFACEMAP@@XZ 004b96e4     mfc90d:mfc90d.dll
 0004:000016e8       __imp_?GetMessageMap@CWinApp@@MBEPBUAFX_MSGMAP@@XZ 004b96e8     mfc90d:mfc90d.dll
 0004:000016ec       __imp_?OnFinalRelease@CCmdTarget@@UAEXXZ 004b96ec     mfc90d:mfc90d.dll
 0004:000016f0       __imp_?Dump@CWinApp@@UBEXAAVCDumpContext@@@Z 004b96f0     mfc90d:mfc90d.dll
 0004:000016f4       __imp_?AssertValid@CWinApp@@UBEXXZ 004b96f4     mfc90d:mfc90d.dll
 0004:000016f8       __imp_?GetRuntimeClass@CWinApp@@UBEPAUCRuntimeClass@@XZ 004b96f8     mfc90d:mfc90d.dll
 0004:000016fc       __imp_??0CWinApp@@QAE@PBD@Z 004b96fc     mfc90d:mfc90d.dll
 0004:00001700       __imp_?PreCreateWindow@CFrameWnd@@MAEHAAUtagCREATESTRUCTA@@@Z 004b9700     mfc90d:mfc90d.dll
 0004:00001704       __imp_??1CFrameWnd@@UAE@XZ 004b9704     mfc90d:mfc90d.dll
 0004:00001708       __imp_?OnHideMenuBar@CFrameWnd@@MAEXXZ 004b9708     mfc90d:mfc90d.dll
 0004:0000170c       __imp_?OnShowMenuBar@CFrameWnd@@MAEXXZ 004b970c     mfc90d:mfc90d.dll
 0004:00001710       __imp_?ExitHelpMode@CFrameWnd@@UAEXXZ 004b9710     mfc90d:mfc90d.dll
 0004:00001714       __imp_?DelayUpdateFrameMenu@CFrameWnd@@UAEXPAUHMENU__@@@Z 004b9714     mfc90d:mfc90d.dll
 0004:00001718       __imp_?GetDefaultAccelerator@CFrameWnd@@UAEPAUHACCEL__@@XZ 004b9718     mfc90d:mfc90d.dll
 0004:0000171c       __imp_?OnUpdateFrameMenu@CFrameWnd@@UAEXPAUHMENU__@@@Z 004b971c     mfc90d:mfc90d.dll
 0004:00001720       __imp_?OnUpdateFrameTitle@CFrameWnd@@UAEXH@Z 004b9720     mfc90d:mfc90d.dll
 0004:00001724       __imp_?OnCreateClient@CFrameWnd@@MAEHPAUtagCREATESTRUCTA@@PAUCCreateContext@@@Z 004b9724     mfc90d:mfc90d.dll
 0004:00001728       __imp_?NegotiateBorderSpace@CFrameWnd@@UAEHIPAUtagRECT@@@Z 004b9728     mfc90d:mfc90d.dll
 0004:0000172c       __imp_?GetMessageBar@CFrameWnd@@UAEPAVCWnd@@XZ 004b972c     mfc90d:mfc90d.dll
 0004:00001730       __imp_?OnSetPreviewMode@CFrameWnd@@UAEXHPAUCPrintPreviewState@@@Z 004b9730     mfc90d:mfc90d.dll
 0004:00001734       __imp_?GetMenuBarState@CFrameWnd@@UBEKXZ 004b9734     mfc90d:mfc90d.dll
 0004:00001738       __imp_?SetMenuBarState@CFrameWnd@@UAEHK@Z 004b9738     mfc90d:mfc90d.dll
 0004:0000173c       __imp_?GetMenuBarVisibility@CFrameWnd@@UBEKXZ 004b973c     mfc90d:mfc90d.dll
 0004:00001740       __imp_?SetMenuBarVisibility@CFrameWnd@@UAEXK@Z 004b9740     mfc90d:mfc90d.dll
 0004:00001744       __imp_?ActivateFrame@CFrameWnd@@UAEXH@Z 004b9744     mfc90d:mfc90d.dll
 0004:00001748       __imp_?RecalcLayout@CFrameWnd@@UAEXH@Z 004b9748     mfc90d:mfc90d.dll
 0004:0000174c       __imp_?GetMessageString@CFrameWnd@@UBEXIAAV?$CStringT@DV?$StrTraitMFC_DLL@DV?$ChTraitsCRT@D@ATL@@@@@ATL@@@Z 004b974c     mfc90d:mfc90d.dll
 0004:00001750       __imp_?GetActiveFrame@CFrameWnd@@UAEPAV1@XZ 004b9750     mfc90d:mfc90d.dll
 0004:00001754       __imp_?GetActiveDocument@CFrameWnd@@UAEPAVCDocument@@XZ 004b9754     mfc90d:mfc90d.dll
 0004:00001758       __imp_?LoadFrame@CFrameWnd@@UAEHIKPAVCWnd@@PAUCCreateContext@@@Z 004b9758     mfc90d:mfc90d.dll
 0004:0000175c       __imp_?Create@CFrameWnd@@UAEHPBD0KABUtagRECT@@PAVCWnd@@0KPAUCCreateContext@@@Z 004b975c     mfc90d:mfc90d.dll
 0004:00001760       __imp_?IsFrameWnd@CFrameWnd@@UBEHXZ 004b9760     mfc90d:mfc90d.dll
 0004:00001764       __imp_?PostNcDestroy@CFrameWnd@@MAEXXZ 004b9764     mfc90d:mfc90d.dll
 0004:00001768       __imp_?PreTranslateMessage@CFrameWnd@@UAEHPAUtagMSG@@@Z 004b9768     mfc90d:mfc90d.dll
 0004:0000176c       __imp_?EndModalState@CFrameWnd@@UAEXXZ 004b976c     mfc90d:mfc90d.dll
 0004:00001770       __imp_?BeginModalState@CFrameWnd@@UAEXXZ 004b9770     mfc90d:mfc90d.dll
 0004:00001774       __imp_?OnCommand@CFrameWnd@@MAEHIJ@Z 004b9774     mfc90d:mfc90d.dll
 0004:00001778       __imp_?SetMenu@CFrameWnd@@UAEHPAVCMenu@@@Z 004b9778     mfc90d:mfc90d.dll
 0004:0000177c       __imp_?GetMenu@CFrameWnd@@UBEPAVCMenu@@XZ 004b977c     mfc90d:mfc90d.dll
 0004:00001780       __imp_?GetMessageMap@CFrameWnd@@MBEPBUAFX_MSGMAP@@XZ 004b9780     mfc90d:mfc90d.dll
 0004:00001784       __imp_?OnCmdMsg@CFrameWnd@@UAEHIHPAXPAUAFX_CMDHANDLERINFO@@@Z 004b9784     mfc90d:mfc90d.dll
 0004:00001788       __imp_?Dump@CFrameWnd@@UBEXAAVCDumpContext@@@Z 004b9788     mfc90d:mfc90d.dll
 0004:0000178c       __imp_?AssertValid@CFrameWnd@@UBEXXZ 004b978c     mfc90d:mfc90d.dll
 0004:00001790       __imp_??0CFrameWnd@@QAE@XZ 004b9790     mfc90d:mfc90d.dll
 0004:00001794       __imp_?GetThisClass@CFrameWnd@@SGPAUCRuntimeClass@@XZ 004b9794     mfc90d:mfc90d.dll
 0004:00001798       __imp_?GetThisMessageMap@CDialog@@KGPBUAFX_MSGMAP@@XZ 004b9798     mfc90d:mfc90d.dll
 0004:0000179c       __imp_??1CDialog@@UAE@XZ   004b979c     mfc90d:mfc90d.dll
 0004:000017a0       __imp_?PreInitDialog@CDialog@@MAEXXZ 004b97a0     mfc90d:mfc90d.dll
 0004:000017a4       __imp_?OnCancel@CDialog@@MAEXXZ 004b97a4     mfc90d:mfc90d.dll
 0004:000017a8       __imp_?OnOK@CDialog@@MAEXXZ 004b97a8     mfc90d:mfc90d.dll
 0004:000017ac       __imp_?OnSetFont@CDialog@@UAEXPAVCFont@@@Z 004b97ac     mfc90d:mfc90d.dll
 0004:000017b0       __imp_?OnInitDialog@CDialog@@UAEHXZ 004b97b0     mfc90d:mfc90d.dll
 0004:000017b4       __imp_?DoModal@CDialog@@UAEHXZ 004b97b4     mfc90d:mfc90d.dll
 0004:000017b8       __imp_?CreateIndirect@CDialog@@UAEHPBUDLGTEMPLATE@@PAVCWnd@@PAX@Z 004b97b8     mfc90d:mfc90d.dll
 0004:000017bc       __imp_?CreateIndirect@CDialog@@UAEHPAXPAVCWnd@@@Z 004b97bc     mfc90d:mfc90d.dll
 0004:000017c0       __imp_?Create@CDialog@@UAEHPBDPAVCWnd@@@Z 004b97c0     mfc90d:mfc90d.dll
 0004:000017c4       __imp_?Create@CDialog@@UAEHIPAVCWnd@@@Z 004b97c4     mfc90d:mfc90d.dll
 0004:000017c8       __imp_?GetOccDialogInfo@CDialog@@MAEPAU_AFX_OCC_DIALOG_INFO@@XZ 004b97c8     mfc90d:mfc90d.dll
 0004:000017cc       __imp_?SetOccDialogInfo@CDialog@@MAEHPAU_AFX_OCC_DIALOG_INFO@@@Z 004b97cc     mfc90d:mfc90d.dll
 0004:000017d0       __imp_?CheckAutoCenter@CDialog@@UAEHXZ 004b97d0     mfc90d:mfc90d.dll
 0004:000017d4       __imp_?PreTranslateMessage@CDialog@@UAEHPAUtagMSG@@@Z 004b97d4     mfc90d:mfc90d.dll
 0004:000017d8       __imp_?Create@CWnd@@UAEHPBD0KABUtagRECT@@PAV1@IPAUCCreateContext@@@Z 004b97d8     mfc90d:mfc90d.dll
 0004:000017dc       __imp_?OnCmdMsg@CDialog@@UAEHIHPAXPAUAFX_CMDHANDLERINFO@@@Z 004b97dc     mfc90d:mfc90d.dll
 0004:000017e0       __imp_?Dump@CDialog@@UBEXAAVCDumpContext@@@Z 004b97e0     mfc90d:mfc90d.dll
 0004:000017e4       __imp_?AssertValid@CDialog@@UBEXXZ 004b97e4     mfc90d:mfc90d.dll
 0004:000017e8       __imp_??0CDialog@@QAE@IPAVCWnd@@@Z 004b97e8     mfc90d:mfc90d.dll
 0004:000017ec       __imp_?GetThisClass@CDialog@@SGPAUCRuntimeClass@@XZ 004b97ec     mfc90d:mfc90d.dll
 0004:000017f0       __imp_??B?$CSimpleStringT@D$00@ATL@@QBEPBDXZ 004b97f0     mfc90d:mfc90d.dll
 0004:000017f4       __imp_??1?$CStringT@DV?$StrTraitMFC_DLL@DV?$ChTraitsCRT@D@ATL@@@@@ATL@@QAE@XZ 004b97f4     mfc90d:mfc90d.dll
 0004:000017f8       __imp_??0?$CStringT@DV?$StrTraitMFC_DLL@DV?$ChTraitsCRT@D@ATL@@@@@ATL@@QAE@XZ 004b97f8     mfc90d:mfc90d.dll
 0004:000017fc       __imp_?GetThisClass@CWnd@@SGPAUCRuntimeClass@@XZ 004b97fc     mfc90d:mfc90d.dll
 0004:00001800       __imp_??1CWnd@@UAE@XZ      004b9800     mfc90d:mfc90d.dll
 0004:00001804       __imp_?CreateControl@CWnd@@QAEHABU_GUID@@PBDKABUtagRECT@@PAV1@IPAVCFile@@HPA_W@Z 004b9804     mfc90d:mfc90d.dll
 0004:00001808       __imp_?GetOccDialogInfo@CWnd@@MAEPAU_AFX_OCC_DIALOG_INFO@@XZ 004b9808     mfc90d:mfc90d.dll
 0004:0000180c       __imp_?SetOccDialogInfo@CWnd@@MAEHPAU_AFX_OCC_DIALOG_INFO@@@Z 004b980c     mfc90d:mfc90d.dll
 0004:00001810       __imp_?CreateControlSite@CWnd@@MAEHPAVCOleControlContainer@@PAPAVCOleControlSite@@IABU_GUID@@@Z 004b9810     mfc90d:mfc90d.dll
 0004:00001814       __imp_?CreateControlContainer@CWnd@@MAEHPAPAVCOleControlContainer@@@Z 004b9814     mfc90d:mfc90d.dll
 0004:00001818       __imp_?IsFrameWnd@CWnd@@UBEHXZ 004b9818     mfc90d:mfc90d.dll
 0004:0000181c       __imp_?CheckAutoCenter@CWnd@@UAEHXZ 004b981c     mfc90d:mfc90d.dll
 0004:00001820       __imp_?OnChildNotify@CWnd@@MAEHIIJPAJ@Z 004b9820     mfc90d:mfc90d.dll
 0004:00001824       __imp_?PostNcDestroy@CWnd@@MAEXXZ 004b9824     mfc90d:mfc90d.dll
 0004:00001828       __imp_?DefWindowProcA@CWnd@@MAEJIIJ@Z 004b9828     mfc90d:mfc90d.dll
 0004:0000182c       __imp_?OnWndMsg@CWnd@@MAEHIIJPAJ@Z 004b982c     mfc90d:mfc90d.dll
 0004:00001830       __imp_?WindowProc@CWnd@@MAEJIIJ@Z 004b9830     mfc90d:mfc90d.dll
 0004:00001834       __imp_?OnAmbientProperty@CWnd@@UAEHPAVCOleControlSite@@JPAUtagVARIANT@@@Z 004b9834     mfc90d:mfc90d.dll
 0004:00001838       __imp_?PreTranslateMessage@CWnd@@UAEHPAUtagMSG@@@Z 004b9838     mfc90d:mfc90d.dll
 0004:0000183c       __imp_?EndModalState@CWnd@@UAEXXZ 004b983c     mfc90d:mfc90d.dll
 0004:00001840       __imp_?BeginModalState@CWnd@@UAEXXZ 004b9840     mfc90d:mfc90d.dll
 0004:00001844       __imp_?DoDataExchange@CWnd@@MAEXPAVCDataExchange@@@Z 004b9844     mfc90d:mfc90d.dll
 0004:00001848       __imp_?GetSuperWndProcAddr@CWnd@@MAEPAP6GJPAUHWND__@@IIJ@ZXZ 004b9848     mfc90d:mfc90d.dll
 0004:0000184c       __imp_?OnNotify@CWnd@@MAEHIJPAJ@Z 004b984c     mfc90d:mfc90d.dll
 0004:00001850       __imp_?OnCommand@CWnd@@MAEHIJ@Z 004b9850     mfc90d:mfc90d.dll
 0004:00001854       __imp_?CreateAccessibleProxy@CWnd@@UAEJIJPAJ@Z 004b9854     mfc90d:mfc90d.dll
 0004:00001858       __imp_?SetProxy@CWnd@@UAEJPAUIAccessibleProxy@@@Z 004b9858     mfc90d:mfc90d.dll
 0004:0000185c       __imp_?put_accValue@CWnd@@UAEJUtagVARIANT@@PA_W@Z 004b985c     mfc90d:mfc90d.dll
 0004:00001860       __imp_?put_accName@CWnd@@UAEJUtagVARIANT@@PA_W@Z 004b9860     mfc90d:mfc90d.dll
 0004:00001864       __imp_?accDoDefaultAction@CWnd@@UAEJUtagVARIANT@@@Z 004b9864     mfc90d:mfc90d.dll
 0004:00001868       __imp_?accHitTest@CWnd@@UAEJJJPAUtagVARIANT@@@Z 004b9868     mfc90d:mfc90d.dll
 0004:0000186c       __imp_?accNavigate@CWnd@@UAEJJUtagVARIANT@@PAU2@@Z 004b986c     mfc90d:mfc90d.dll
 0004:00001870       __imp_?accLocation@CWnd@@UAEJPAJ000UtagVARIANT@@@Z 004b9870     mfc90d:mfc90d.dll
 0004:00001874       __imp_?accSelect@CWnd@@UAEJJUtagVARIANT@@@Z 004b9874     mfc90d:mfc90d.dll
 0004:00001878       __imp_?get_accDefaultAction@CWnd@@UAEJUtagVARIANT@@PAPA_W@Z 004b9878     mfc90d:mfc90d.dll
 0004:0000187c       __imp_?get_accSelection@CWnd@@UAEJPAUtagVARIANT@@@Z 004b987c     mfc90d:mfc90d.dll
 0004:00001880       __imp_?get_accFocus@CWnd@@UAEJPAUtagVARIANT@@@Z 004b9880     mfc90d:mfc90d.dll
 0004:00001884       __imp_?get_accKeyboardShortcut@CWnd@@UAEJUtagVARIANT@@PAPA_W@Z 004b9884     mfc90d:mfc90d.dll
 0004:00001888       __imp_?get_accHelpTopic@CWnd@@UAEJPAPA_WUtagVARIANT@@PAJ@Z 004b9888     mfc90d:mfc90d.dll
 0004:0000188c       __imp_?get_accHelp@CWnd@@UAEJUtagVARIANT@@PAPA_W@Z 004b988c     mfc90d:mfc90d.dll
 0004:00001890       __imp_?get_accState@CWnd@@UAEJUtagVARIANT@@PAU2@@Z 004b9890     mfc90d:mfc90d.dll
 0004:00001894       __imp_?get_accRole@CWnd@@UAEJUtagVARIANT@@PAU2@@Z 004b9894     mfc90d:mfc90d.dll
 0004:00001898       __imp_?get_accDescription@CWnd@@UAEJUtagVARIANT@@PAPA_W@Z 004b9898     mfc90d:mfc90d.dll
 0004:0000189c       __imp_?get_accValue@CWnd@@UAEJUtagVARIANT@@PAPA_W@Z 004b989c     mfc90d:mfc90d.dll
 0004:000018a0       __imp_?get_accName@CWnd@@UAEJUtagVARIANT@@PAPA_W@Z 004b98a0     mfc90d:mfc90d.dll
 0004:000018a4       __imp_?get_accChild@CWnd@@UAEJUtagVARIANT@@PAPAUIDispatch@@@Z 004b98a4     mfc90d:mfc90d.dll
 0004:000018a8       __imp_?get_accChildCount@CWnd@@UAEJPAJ@Z 004b98a8     mfc90d:mfc90d.dll
 0004:000018ac       __imp_?get_accParent@CWnd@@UAEJPAPAUIDispatch@@@Z 004b98ac     mfc90d:mfc90d.dll
 0004:000018b0       __imp_?EnsureStdObj@CWnd@@UAEJXZ 004b98b0     mfc90d:mfc90d.dll
 0004:000018b4       __imp_?EndModalLoop@CWnd@@UAEXH@Z 004b98b4     mfc90d:mfc90d.dll
 0004:000018b8       __imp_?ContinueModal@CWnd@@UAEHXZ 004b98b8     mfc90d:mfc90d.dll
 0004:000018bc       __imp_?WinHelpInternal@CWnd@@UAEXKI@Z 004b98bc     mfc90d:mfc90d.dll
 0004:000018c0       __imp_?HtmlHelpA@CWnd@@UAEXKI@Z 004b98c0     mfc90d:mfc90d.dll
 0004:000018c4       __imp_?WinHelpA@CWnd@@UAEXKI@Z 004b98c4     mfc90d:mfc90d.dll
 0004:000018c8       __imp_?GetScrollBarCtrl@CWnd@@UBEPAVCScrollBar@@H@Z 004b98c8     mfc90d:mfc90d.dll
 0004:000018cc       __imp_?OnToolHitTest@CWnd@@UBEHVCPoint@@PAUtagTOOLINFOA@@@Z 004b98cc     mfc90d:mfc90d.dll
 0004:000018d0       __imp_?SetMenu@CWnd@@UAEHPAVCMenu@@@Z 004b98d0     mfc90d:mfc90d.dll
 0004:000018d4       __imp_?GetMenu@CWnd@@UBEPAVCMenu@@XZ 004b98d4     mfc90d:mfc90d.dll
 0004:000018d8       __imp_?CalcWindowRect@CWnd@@UAEXPAUtagRECT@@I@Z 004b98d8     mfc90d:mfc90d.dll
 0004:000018dc       __imp_?PreCreateWindow@CWnd@@UAEHAAUtagCREATESTRUCTA@@@Z 004b98dc     mfc90d:mfc90d.dll
 0004:000018e0       __imp_?DestroyWindow@CWnd@@UAEHXZ 004b98e0     mfc90d:mfc90d.dll
 0004:000018e4       __imp_?CreateEx@CWnd@@UAEHKPBD0KHHHHPAUHWND__@@PAUHMENU__@@PAX@Z 004b98e4     mfc90d:mfc90d.dll
 0004:000018e8       __imp_?CreateEx@CWnd@@UAEHKPBD0KABUtagRECT@@PAV1@IPAX@Z 004b98e8     mfc90d:mfc90d.dll
 0004:000018ec       __imp_?PreSubclassWindow@CWnd@@UAEXXZ 004b98ec     mfc90d:mfc90d.dll
 0004:000018f0       __imp_?GetConnectionHook@CCmdTarget@@MAEPAUIConnectionPoint@@ABU_GUID@@@Z 004b98f0     mfc90d:mfc90d.dll
 0004:000018f4       __imp_?GetExtraConnectionPoints@CCmdTarget@@MAEHPAVCPtrArray@@@Z 004b98f4     mfc90d:mfc90d.dll
 0004:000018f8       __imp_?GetInterfaceHook@CCmdTarget@@UAEPAUIUnknown@@PBX@Z 004b98f8     mfc90d:mfc90d.dll
 0004:000018fc       __imp_?OnCreateAggregates@CCmdTarget@@UAEHXZ 004b98fc     mfc90d:mfc90d.dll
 0004:00001900       __imp_?GetEventSinkMap@CCmdTarget@@MBEPBUAFX_EVENTSINKMAP@@XZ 004b9900     mfc90d:mfc90d.dll
 0004:00001904       __imp_?GetInterfaceMap@CWnd@@MBEPBUAFX_INTERFACEMAP@@XZ 004b9904     mfc90d:mfc90d.dll
 0004:00001908       __imp_?GetConnectionMap@CCmdTarget@@MBEPBUAFX_CONNECTIONMAP@@XZ 004b9908     mfc90d:mfc90d.dll
 0004:0000190c       __imp_?GetDispatchMap@CCmdTarget@@MBEPBUAFX_DISPMAP@@XZ 004b990c     mfc90d:mfc90d.dll
 0004:00001910       __imp_?GetCommandMap@CCmdTarget@@MBEPBUAFX_OLECMDMAP@@XZ 004b9910     mfc90d:mfc90d.dll
 0004:00001914       __imp_?GetMessageMap@CWnd@@MBEPBUAFX_MSGMAP@@XZ 004b9914     mfc90d:mfc90d.dll
 0004:00001918       __imp_?GetTypeLib@CCmdTarget@@UAEJKPAPAUITypeLib@@@Z 004b9918     mfc90d:mfc90d.dll
 0004:0000191c       __imp_?GetTypeLibCache@CCmdTarget@@UAEPAVCTypeLibCache@@XZ 004b991c     mfc90d:mfc90d.dll
 0004:00001920       __imp_?GetTypeInfoCount@CCmdTarget@@UAEIXZ 004b9920     mfc90d:mfc90d.dll
 0004:00001924       __imp_?GetDispatchIID@CCmdTarget@@UAEHPAU_GUID@@@Z 004b9924     mfc90d:mfc90d.dll
 0004:00001928       __imp_?IsInvokeAllowed@CCmdTarget@@UAEHJ@Z 004b9928     mfc90d:mfc90d.dll
 0004:0000192c       __imp_?OnFinalRelease@CWnd@@UAEXXZ 004b992c     mfc90d:mfc90d.dll
 0004:00001930       __imp_?OnCmdMsg@CCmdTarget@@UAEHIHPAXPAUAFX_CMDHANDLERINFO@@@Z 004b9930     mfc90d:mfc90d.dll
 0004:00001934       __imp_?Dump@CWnd@@UBEXAAVCDumpContext@@@Z 004b9934     mfc90d:mfc90d.dll
 0004:00001938       __imp_?AssertValid@CWnd@@UBEXXZ 004b9938     mfc90d:mfc90d.dll
 0004:0000193c       __imp_?Serialize@CObject@@UAEXAAVCArchive@@@Z 004b993c     mfc90d:mfc90d.dll
 0004:00001940       __imp_??0CWnd@@QAE@XZ      004b9940     mfc90d:mfc90d.dll
 0004:00001944       __imp_??2CObject@@SGPAXI@Z 004b9944     mfc90d:mfc90d.dll
 0004:00001948       __imp_??3CObject@@SGXPAX@Z 004b9948     mfc90d:mfc90d.dll
 0004:0000194c       __imp_??3@YAXPAX@Z         004b994c     mfc90d:mfc90d.dll
 0004:00001950       __imp_?AfxWinMain@@YGHPAUHINSTANCE__@@0PADH@Z 004b9950     mfc90d:mfc90d.dll
 0004:00001954       __imp_??0CButton@@QAE@XZ   004b9954     mfc90d:mfc90d.dll
 0004:00001958       __imp_?AfxGetModuleState@@YGPAVAFX_MODULE_STATE@@XZ 004b9958     mfc90d:mfc90d.dll
 0004:0000195c       \177mfc90d_NULL_THUNK_DATA 004b995c     mfc90d:mfc90d.dll
 0004:00001ab4       __imp__olDaGetDASS@16      004b9ab4     oldaapi32:oldaapi32.dll
 0004:00001ab8       __imp__olDaSetDataFlow@8   004b9ab8     oldaapi32:oldaapi32.dll
 0004:00001abc       __imp__olDaConfig@4        004b9abc     oldaapi32:oldaapi32.dll
 0004:00001ac0       __imp__olDaPutSingleValue@20 004b9ac0     oldaapi32:oldaapi32.dll
 0004:00001ac4       __imp__olDaReleaseDASS@4   004b9ac4     oldaapi32:oldaapi32.dll
 0004:00001ac8       __imp__olDaTerminate@4     004b9ac8     oldaapi32:oldaapi32.dll
 0004:00001acc       __imp__olDaInitialize@8    004b9acc     oldaapi32:oldaapi32.dll
 0004:00001ad0       \177oldaapi32_NULL_THUNK_DATA 004b9ad0     oldaapi32:oldaapi32.dll

 entry point at        0001:00026c60

